Archive member included to satisfy reference by file (symbol)

Y:/LPCXpresso/Balancer2/Balancer2_firm_TargetAngle/lib\libBalancer2_lib.a(adc.o)
                              ./src/control.o (memmap)
Y:/LPCXpresso/Balancer2/Balancer2_firm_TargetAngle/lib\libBalancer2_lib.a(current.o)
                              ./src/control.o (ClearCurrentVariables)
Y:/LPCXpresso/Balancer2/Balancer2_firm_TargetAngle/lib\libBalancer2_lib.a(enc.o)
                              ./src/control.o (ClearEncVariables)
Y:/LPCXpresso/Balancer2/Balancer2_firm_TargetAngle/lib\libBalancer2_lib.a(gpio.o)
                              Y:/LPCXpresso/Balancer2/Balancer2_firm_TargetAngle/lib\libBalancer2_lib.a(enc.o) (GPIOSetDir)
Y:/LPCXpresso/Balancer2/Balancer2_firm_TargetAngle/lib\libBalancer2_lib.a(gyro.o)
                              ./src/control.o (ClearGyroVariables)
Y:/LPCXpresso/Balancer2/Balancer2_firm_TargetAngle/lib\libBalancer2_lib.a(i2c.o)
                              Y:/LPCXpresso/Balancer2/Balancer2_firm_TargetAngle/lib\libBalancer2_lib.a(gyro.o) (I2CMasterBuffer)
Y:/LPCXpresso/Balancer2/Balancer2_firm_TargetAngle/lib\libBalancer2_lib.a(log.o)
                              ./src/main.o (isLogEnable)
Y:/LPCXpresso/Balancer2/Balancer2_firm_TargetAngle/lib\libBalancer2_lib.a(system_LPC13xx.o)
                              ./src/cr_startup_lpc13.o (SystemInit)
Y:/LPCXpresso/Balancer2/Balancer2_firm_TargetAngle/lib\libBalancer2_lib.a(uart.o)
                              ./src/main.o (UARTInit)
Y:/LPCXpresso/Balancer2/Balancer2_firm_TargetAngle/lib\libBalancer2_lib.a(util.o)
                              Y:/LPCXpresso/Balancer2/Balancer2_firm_TargetAngle/lib\libBalancer2_lib.a(current.o) (getCnt)
Y:/LPCXpresso/Balancer2/Balancer2_firm_TargetAngle/lib\libBalancer2_lib.a(vs-bb022.o)
                              Y:/LPCXpresso/Balancer2/Balancer2_firm_TargetAngle/lib\libBalancer2_lib.a(enc.o) (SystickSyncCnt)
Y:/LPCXpresso/Balancer2/Balancer2_firm_TargetAngle/lib\libBalancer2_lib.a(flash.o)
                              Y:/LPCXpresso/Balancer2/Balancer2_firm_TargetAngle/lib\libBalancer2_lib.a(log.o) (srcbuf)
Y:/LPCXpresso/Balancer2/Balancer2_firm_TargetAngle/lib\libBalancer2_lib.a(mot.o)
                              Y:/LPCXpresso/Balancer2/Balancer2_firm_TargetAngle/lib\libBalancer2_lib.a(flash.o) (Constmemmap)
Y:/LPCXpresso/Balancer2/Balancer2_firm_TargetAngle/lib\libBalancer2_lib.a(pad.o)
                              Y:/LPCXpresso/Balancer2/Balancer2_firm_TargetAngle/lib\libBalancer2_lib.a(vs-bb022.o) (PADProc)
Y:/LPCXpresso/Balancer2/Balancer2_firm_TargetAngle/lib\libBalancer2_lib.a(usb_user.o)
                              Y:/LPCXpresso/Balancer2/Balancer2_firm_TargetAngle/lib\libBalancer2_lib.a(vs-bb022.o) (USBInit)
Y:/LPCXpresso/Balancer2/Balancer2_firm_TargetAngle/lib\libBalancer2_lib.a(usb_core.o)
                              Y:/LPCXpresso/Balancer2/Balancer2_firm_TargetAngle/lib\libBalancer2_lib.a(usb_user.o) (USB_ResetCore)
Y:/LPCXpresso/Balancer2/Balancer2_firm_TargetAngle/lib\libBalancer2_lib.a(usb_descriptors.o)
                              Y:/LPCXpresso/Balancer2/Balancer2_firm_TargetAngle/lib\libBalancer2_lib.a(usb_core.o) (USB_StringDescriptor)
Y:/LPCXpresso/Balancer2/Balancer2_firm_TargetAngle/lib\libBalancer2_lib.a(usb_hardware.o)
                              Y:/LPCXpresso/Balancer2/Balancer2_firm_TargetAngle/lib\libBalancer2_lib.a(usb_user.o) (USB_Connect)
Y:/LPCXpresso/Balancer2/Balancer2_firm_TargetAngle/lib\libBalancer2_lib.a(usb_hiduser.o)
                              Y:/LPCXpresso/Balancer2/Balancer2_firm_TargetAngle/lib\libBalancer2_lib.a(usb_core.o) (HID_GetIdle)
c:/nxp/lpcxpresso_8.2.2_650/lpcxpresso/tools/bin/../lib/gcc/arm-none-eabi/5.4.1/../../../../arm-none-eabi/lib/armv7-m\libcr_c.a(memset.o)
                              Y:/LPCXpresso/Balancer2/Balancer2_firm_TargetAngle/lib\libBalancer2_lib.a(vs-bb022.o) (memset)
c:/nxp/lpcxpresso_8.2.2_650/lpcxpresso/tools/bin/../lib/gcc/arm-none-eabi/5.4.1/armv7-m\libcr_eabihelpers.a(division_64.o)
                              ./src/control.o (__aeabi_ldivmod)
c:/nxp/lpcxpresso_8.2.2_650/lpcxpresso/tools/bin/../lib/gcc/arm-none-eabi/5.4.1/armv7-m\libcr_eabihelpers.a(division_idiv0.o)
                              c:/nxp/lpcxpresso_8.2.2_650/lpcxpresso/tools/bin/../lib/gcc/arm-none-eabi/5.4.1/armv7-m\libcr_eabihelpers.a(division_64.o) (__aeabi_idiv0)
c:/nxp/lpcxpresso_8.2.2_650/lpcxpresso/tools/bin/../lib/gcc/arm-none-eabi/5.4.1/armv7-m\libcr_eabihelpers.a(double.o)
                              ./src/control.o (__aeabi_dmul)
c:/nxp/lpcxpresso_8.2.2_650/lpcxpresso/tools/bin/../lib/gcc/arm-none-eabi/5.4.1/armv7-m\libcr_eabihelpers.a(memcpy.o)
                              c:/nxp/lpcxpresso_8.2.2_650/lpcxpresso/tools/bin/../lib/gcc/arm-none-eabi/5.4.1/../../../../arm-none-eabi/lib/armv7-m\libcr_c.a(memset.o) (__aeabi_lowlevel_memset)

Allocating common symbols
Common symbol       size              file

USB_AltSetting      0x1               Y:/LPCXpresso/Balancer2/Balancer2_firm_TargetAngle/lib\libBalancer2_lib.a(usb_core.o)
I2CReadLength       0x4               Y:/LPCXpresso/Balancer2/Balancer2_firm_TargetAngle/lib\libBalancer2_lib.a(i2c.o)
I2CSlaveBuffer      0xc               Y:/LPCXpresso/Balancer2/Balancer2_firm_TargetAngle/lib\libBalancer2_lib.a(i2c.o)
CurrentValue        0x70              Y:/LPCXpresso/Balancer2/Balancer2_firm_TargetAngle/lib\libBalancer2_lib.a(current.o)
StatValue           0x1               Y:/LPCXpresso/Balancer2/Balancer2_firm_TargetAngle/lib\libBalancer2_lib.a(i2c.o)
EP0Buf              0x40              Y:/LPCXpresso/Balancer2/Balancer2_firm_TargetAngle/lib\libBalancer2_lib.a(usb_core.o)
USB_InPutData       0x40              Y:/LPCXpresso/Balancer2/Balancer2_firm_TargetAngle/lib\libBalancer2_lib.a(adc.o)
intteruptflag       0x20              Y:/LPCXpresso/Balancer2/Balancer2_firm_TargetAngle/lib\libBalancer2_lib.a(vs-bb022.o)
USB_EndPointMask    0x4               Y:/LPCXpresso/Balancer2/Balancer2_firm_TargetAngle/lib\libBalancer2_lib.a(usb_core.o)
USB_DeviceAddress   0x1               Y:/LPCXpresso/Balancer2/Balancer2_firm_TargetAngle/lib\libBalancer2_lib.a(usb_core.o)
newL                0x8               Y:/LPCXpresso/Balancer2/Balancer2_firm_TargetAngle/lib\libBalancer2_lib.a(enc.o)
USB_EndPointStall   0x4               Y:/LPCXpresso/Balancer2/Balancer2_firm_TargetAngle/lib\libBalancer2_lib.a(usb_core.o)
UARTBuffer          0x40              Y:/LPCXpresso/Balancer2/Balancer2_firm_TargetAngle/lib\libBalancer2_lib.a(uart.o)
command             0x14              Y:/LPCXpresso/Balancer2/Balancer2_firm_TargetAngle/lib\libBalancer2_lib.a(flash.o)
iBuzzerPitch        0x4               Y:/LPCXpresso/Balancer2/Balancer2_firm_TargetAngle/lib\libBalancer2_lib.a(vs-bb022.o)
current_old_p       0x10              Y:/LPCXpresso/Balancer2/Balancer2_firm_TargetAngle/lib\libBalancer2_lib.a(current.o)
newR                0x8               Y:/LPCXpresso/Balancer2/Balancer2_firm_TargetAngle/lib\libBalancer2_lib.a(enc.o)
bBuzzerFlag         0x1               Y:/LPCXpresso/Balancer2/Balancer2_firm_TargetAngle/lib\libBalancer2_lib.a(vs-bb022.o)
I2CMode             0x4               Y:/LPCXpresso/Balancer2/Balancer2_firm_TargetAngle/lib\libBalancer2_lib.a(i2c.o)
current_i           0x10              Y:/LPCXpresso/Balancer2/Balancer2_firm_TargetAngle/lib\libBalancer2_lib.a(current.o)
I2CMasterBuffer     0xc               Y:/LPCXpresso/Balancer2/Balancer2_firm_TargetAngle/lib\libBalancer2_lib.a(i2c.o)
USB_EndPointHalt    0x4               Y:/LPCXpresso/Balancer2/Balancer2_firm_TargetAngle/lib\libBalancer2_lib.a(usb_core.o)
memmap              0x168             Y:/LPCXpresso/Balancer2/Balancer2_firm_TargetAngle/lib\libBalancer2_lib.a(adc.o)
srcbuf              0x1000            Y:/LPCXpresso/Balancer2/Balancer2_firm_TargetAngle/lib\libBalancer2_lib.a(flash.o)
UARTStatus          0x4               Y:/LPCXpresso/Balancer2/Balancer2_firm_TargetAngle/lib\libBalancer2_lib.a(uart.o)
HID_IdleTime        0x1               Y:/LPCXpresso/Balancer2/Balancer2_firm_TargetAngle/lib\libBalancer2_lib.a(usb_hiduser.o)
SystickModeCnt      0x8               Y:/LPCXpresso/Balancer2/Balancer2_firm_TargetAngle/lib\libBalancer2_lib.a(vs-bb022.o)
I2CWriteLength      0x4               Y:/LPCXpresso/Balancer2/Balancer2_firm_TargetAngle/lib\libBalancer2_lib.a(i2c.o)
USB_Configuration   0x1               Y:/LPCXpresso/Balancer2/Balancer2_firm_TargetAngle/lib\libBalancer2_lib.a(usb_core.o)
result              0x10              Y:/LPCXpresso/Balancer2/Balancer2_firm_TargetAngle/lib\libBalancer2_lib.a(flash.o)
SystickWaitCnt      0x8               Y:/LPCXpresso/Balancer2/Balancer2_firm_TargetAngle/lib\libBalancer2_lib.a(vs-bb022.o)
ADCValue            0x20              Y:/LPCXpresso/Balancer2/Balancer2_firm_TargetAngle/lib\libBalancer2_lib.a(adc.o)
SetupPacket         0x8               Y:/LPCXpresso/Balancer2/Balancer2_firm_TargetAngle/lib\libBalancer2_lib.a(usb_core.o)
USB_NumInterfaces   0x1               Y:/LPCXpresso/Balancer2/Balancer2_firm_TargetAngle/lib\libBalancer2_lib.a(usb_core.o)
USB_OutPutData      0x40              Y:/LPCXpresso/Balancer2/Balancer2_firm_TargetAngle/lib\libBalancer2_lib.a(adc.o)
bSendUSBdata        0x1               Y:/LPCXpresso/Balancer2/Balancer2_firm_TargetAngle/lib\libBalancer2_lib.a(adc.o)
SystickSyncCnt      0x8               Y:/LPCXpresso/Balancer2/Balancer2_firm_TargetAngle/lib\libBalancer2_lib.a(vs-bb022.o)
ENCSPDValue         0x50              Y:/LPCXpresso/Balancer2/Balancer2_firm_TargetAngle/lib\libBalancer2_lib.a(enc.o)
isUSB_data_sending  0x1               Y:/LPCXpresso/Balancer2/Balancer2_firm_TargetAngle/lib\libBalancer2_lib.a(adc.o)
HID_Protocol        0x1               Y:/LPCXpresso/Balancer2/Balancer2_firm_TargetAngle/lib\libBalancer2_lib.a(usb_hiduser.o)
EP0Data             0x8               Y:/LPCXpresso/Balancer2/Balancer2_firm_TargetAngle/lib\libBalancer2_lib.a(usb_core.o)
USB_DeviceStatus    0x2               Y:/LPCXpresso/Balancer2/Balancer2_firm_TargetAngle/lib\libBalancer2_lib.a(usb_core.o)

Discarded input sections

 .text          0x00000000        0x0 ./src/control.o
 .text          0x00000000        0x0 ./src/cr_startup_lpc13.o
 .data          0x00000000        0x0 ./src/cr_startup_lpc13.o
 .bss           0x00000000        0x0 ./src/cr_startup_lpc13.o
 .text.SysTick_Handler
                0x00000000        0x4 ./src/cr_startup_lpc13.o
 .text          0x00000000        0x0 ./src/main.o
 .data          0x00000000        0x0 ./src/main.o
 .text          0x00000000        0x0 Y:/LPCXpresso/Balancer2/Balancer2_firm_TargetAngle/lib\libBalancer2_lib.a(adc.o)
 .data          0x00000000        0x0 Y:/LPCXpresso/Balancer2/Balancer2_firm_TargetAngle/lib\libBalancer2_lib.a(adc.o)
 .text.ADCBurstRead
                0x00000000       0x34 Y:/LPCXpresso/Balancer2/Balancer2_firm_TargetAngle/lib\libBalancer2_lib.a(adc.o)
 .text          0x00000000        0x0 Y:/LPCXpresso/Balancer2/Balancer2_firm_TargetAngle/lib\libBalancer2_lib.a(current.o)
 .data          0x00000000        0x0 Y:/LPCXpresso/Balancer2/Balancer2_firm_TargetAngle/lib\libBalancer2_lib.a(current.o)
 .text          0x00000000        0x0 Y:/LPCXpresso/Balancer2/Balancer2_firm_TargetAngle/lib\libBalancer2_lib.a(enc.o)
 .data          0x00000000        0x0 Y:/LPCXpresso/Balancer2/Balancer2_firm_TargetAngle/lib\libBalancer2_lib.a(enc.o)
 .text          0x00000000        0x0 Y:/LPCXpresso/Balancer2/Balancer2_firm_TargetAngle/lib\libBalancer2_lib.a(gpio.o)
 .data          0x00000000        0x0 Y:/LPCXpresso/Balancer2/Balancer2_firm_TargetAngle/lib\libBalancer2_lib.a(gpio.o)
 .bss           0x00000000        0x0 Y:/LPCXpresso/Balancer2/Balancer2_firm_TargetAngle/lib\libBalancer2_lib.a(gpio.o)
 .text.GPIOInit
                0x00000000       0x34 Y:/LPCXpresso/Balancer2/Balancer2_firm_TargetAngle/lib\libBalancer2_lib.a(gpio.o)
 .text.GPIOGetValue
                0x00000000       0x3c Y:/LPCXpresso/Balancer2/Balancer2_firm_TargetAngle/lib\libBalancer2_lib.a(gpio.o)
 .text.GPIOSetInterrupt
                0x00000000      0x1ec Y:/LPCXpresso/Balancer2/Balancer2_firm_TargetAngle/lib\libBalancer2_lib.a(gpio.o)
 .text.GPIOIntEnable
                0x00000000       0x78 Y:/LPCXpresso/Balancer2/Balancer2_firm_TargetAngle/lib\libBalancer2_lib.a(gpio.o)
 .text.GPIOIntDisable
                0x00000000       0x80 Y:/LPCXpresso/Balancer2/Balancer2_firm_TargetAngle/lib\libBalancer2_lib.a(gpio.o)
 .text.GPIOIntStatus
                0x00000000       0x88 Y:/LPCXpresso/Balancer2/Balancer2_firm_TargetAngle/lib\libBalancer2_lib.a(gpio.o)
 .text.GPIOIntClear
                0x00000000       0x78 Y:/LPCXpresso/Balancer2/Balancer2_firm_TargetAngle/lib\libBalancer2_lib.a(gpio.o)
 .text          0x00000000        0x0 Y:/LPCXpresso/Balancer2/Balancer2_firm_TargetAngle/lib\libBalancer2_lib.a(gyro.o)
 .data          0x00000000        0x0 Y:/LPCXpresso/Balancer2/Balancer2_firm_TargetAngle/lib\libBalancer2_lib.a(gyro.o)
 .text          0x00000000        0x0 Y:/LPCXpresso/Balancer2/Balancer2_firm_TargetAngle/lib\libBalancer2_lib.a(i2c.o)
 .data          0x00000000        0x0 Y:/LPCXpresso/Balancer2/Balancer2_firm_TargetAngle/lib\libBalancer2_lib.a(i2c.o)
 .text          0x00000000        0x0 Y:/LPCXpresso/Balancer2/Balancer2_firm_TargetAngle/lib\libBalancer2_lib.a(log.o)
 .text.setLogEnable
                0x00000000       0x14 Y:/LPCXpresso/Balancer2/Balancer2_firm_TargetAngle/lib\libBalancer2_lib.a(log.o)
 .text.setLogDisable
                0x00000000       0x14 Y:/LPCXpresso/Balancer2/Balancer2_firm_TargetAngle/lib\libBalancer2_lib.a(log.o)
 .text.setLogFlag
                0x00000000       0x58 Y:/LPCXpresso/Balancer2/Balancer2_firm_TargetAngle/lib\libBalancer2_lib.a(log.o)
 .text.clearLogFlagAll
                0x00000000       0x18 Y:/LPCXpresso/Balancer2/Balancer2_firm_TargetAngle/lib\libBalancer2_lib.a(log.o)
 .text          0x00000000        0x0 Y:/LPCXpresso/Balancer2/Balancer2_firm_TargetAngle/lib\libBalancer2_lib.a(system_LPC13xx.o)
 .bss           0x00000000        0x0 Y:/LPCXpresso/Balancer2/Balancer2_firm_TargetAngle/lib\libBalancer2_lib.a(system_LPC13xx.o)
 .text.SystemCoreClockUpdate
                0x00000000      0x1a4 Y:/LPCXpresso/Balancer2/Balancer2_firm_TargetAngle/lib\libBalancer2_lib.a(system_LPC13xx.o)
 .text          0x00000000        0x0 Y:/LPCXpresso/Balancer2/Balancer2_firm_TargetAngle/lib\libBalancer2_lib.a(uart.o)
 .text.UARTSend
                0x00000000       0x2c Y:/LPCXpresso/Balancer2/Balancer2_firm_TargetAngle/lib\libBalancer2_lib.a(uart.o)
 .text.UARTReadByte
                0x00000000       0x34 Y:/LPCXpresso/Balancer2/Balancer2_firm_TargetAngle/lib\libBalancer2_lib.a(uart.o)
 .text.UartSendByte
                0x00000000       0x18 Y:/LPCXpresso/Balancer2/Balancer2_firm_TargetAngle/lib\libBalancer2_lib.a(uart.o)
 .text.UARTTrace
                0x00000000       0x2c Y:/LPCXpresso/Balancer2/Balancer2_firm_TargetAngle/lib\libBalancer2_lib.a(uart.o)
 .rodata.str1.4
                0x00000000        0x4 Y:/LPCXpresso/Balancer2/Balancer2_firm_TargetAngle/lib\libBalancer2_lib.a(uart.o)
 .text          0x00000000        0x0 Y:/LPCXpresso/Balancer2/Balancer2_firm_TargetAngle/lib\libBalancer2_lib.a(util.o)
 .data          0x00000000        0x0 Y:/LPCXpresso/Balancer2/Balancer2_firm_TargetAngle/lib\libBalancer2_lib.a(util.o)
 .bss           0x00000000        0x0 Y:/LPCXpresso/Balancer2/Balancer2_firm_TargetAngle/lib\libBalancer2_lib.a(util.o)
 .text.clearBuffer
                0x00000000       0x30 Y:/LPCXpresso/Balancer2/Balancer2_firm_TargetAngle/lib\libBalancer2_lib.a(util.o)
 .text.initBuffer
                0x00000000       0x20 Y:/LPCXpresso/Balancer2/Balancer2_firm_TargetAngle/lib\libBalancer2_lib.a(util.o)
 .text.getNowData
                0x00000000       0x10 Y:/LPCXpresso/Balancer2/Balancer2_firm_TargetAngle/lib\libBalancer2_lib.a(util.o)
 .text.Sort_double
                0x00000000       0x84 Y:/LPCXpresso/Balancer2/Balancer2_firm_TargetAngle/lib\libBalancer2_lib.a(util.o)
 .text.getLPFValue
                0x00000000       0xb8 Y:/LPCXpresso/Balancer2/Balancer2_firm_TargetAngle/lib\libBalancer2_lib.a(util.o)
 .text.htoa     0x00000000       0x38 Y:/LPCXpresso/Balancer2/Balancer2_firm_TargetAngle/lib\libBalancer2_lib.a(util.o)
 .text.atoi     0x00000000       0x30 Y:/LPCXpresso/Balancer2/Balancer2_firm_TargetAngle/lib\libBalancer2_lib.a(util.o)
 .text.strrev   0x00000000       0x34 Y:/LPCXpresso/Balancer2/Balancer2_firm_TargetAngle/lib\libBalancer2_lib.a(util.o)
 .text.itoa     0x00000000       0x48 Y:/LPCXpresso/Balancer2/Balancer2_firm_TargetAngle/lib\libBalancer2_lib.a(util.o)
 .text.atoh     0x00000000       0x70 Y:/LPCXpresso/Balancer2/Balancer2_firm_TargetAngle/lib\libBalancer2_lib.a(util.o)
 .text.AtoH2inv
                0x00000000       0x58 Y:/LPCXpresso/Balancer2/Balancer2_firm_TargetAngle/lib\libBalancer2_lib.a(util.o)
 .rodata        0x00000000       0x24 Y:/LPCXpresso/Balancer2/Balancer2_firm_TargetAngle/lib\libBalancer2_lib.a(util.o)
 .text          0x00000000        0x0 Y:/LPCXpresso/Balancer2/Balancer2_firm_TargetAngle/lib\libBalancer2_lib.a(vs-bb022.o)
 .data          0x00000000        0x0 Y:/LPCXpresso/Balancer2/Balancer2_firm_TargetAngle/lib\libBalancer2_lib.a(vs-bb022.o)
 .text.getIX008
                0x00000000       0x60 Y:/LPCXpresso/Balancer2/Balancer2_firm_TargetAngle/lib\libBalancer2_lib.a(vs-bb022.o)
 .text.BuzzerSet
                0x00000000       0x10 Y:/LPCXpresso/Balancer2/Balancer2_firm_TargetAngle/lib\libBalancer2_lib.a(vs-bb022.o)
 .text.BuzzerStart
                0x00000000       0x30 Y:/LPCXpresso/Balancer2/Balancer2_firm_TargetAngle/lib\libBalancer2_lib.a(vs-bb022.o)
 .text.BuzzerStop
                0x00000000       0x1c Y:/LPCXpresso/Balancer2/Balancer2_firm_TargetAngle/lib\libBalancer2_lib.a(vs-bb022.o)
 .text.isBuzzer
                0x00000000        0xc Y:/LPCXpresso/Balancer2/Balancer2_firm_TargetAngle/lib\libBalancer2_lib.a(vs-bb022.o)
 .rodata        0x00000000        0x8 Y:/LPCXpresso/Balancer2/Balancer2_firm_TargetAngle/lib\libBalancer2_lib.a(vs-bb022.o)
 .text          0x00000000        0x0 Y:/LPCXpresso/Balancer2/Balancer2_firm_TargetAngle/lib\libBalancer2_lib.a(flash.o)
 .bss           0x00000000        0x0 Y:/LPCXpresso/Balancer2/Balancer2_firm_TargetAngle/lib\libBalancer2_lib.a(flash.o)
 .text.FLASH_ReadPage
                0x00000000       0x44 Y:/LPCXpresso/Balancer2/Balancer2_firm_TargetAngle/lib\libBalancer2_lib.a(flash.o)
 .text          0x00000000        0x0 Y:/LPCXpresso/Balancer2/Balancer2_firm_TargetAngle/lib\libBalancer2_lib.a(mot.o)
 .data          0x00000000        0x0 Y:/LPCXpresso/Balancer2/Balancer2_firm_TargetAngle/lib\libBalancer2_lib.a(mot.o)
 .bss           0x00000000        0x0 Y:/LPCXpresso/Balancer2/Balancer2_firm_TargetAngle/lib\libBalancer2_lib.a(mot.o)
 .text          0x00000000        0x0 Y:/LPCXpresso/Balancer2/Balancer2_firm_TargetAngle/lib\libBalancer2_lib.a(pad.o)
 .data          0x00000000        0x0 Y:/LPCXpresso/Balancer2/Balancer2_firm_TargetAngle/lib\libBalancer2_lib.a(pad.o)
 .text          0x00000000        0x0 Y:/LPCXpresso/Balancer2/Balancer2_firm_TargetAngle/lib\libBalancer2_lib.a(usb_user.o)
 .data          0x00000000        0x0 Y:/LPCXpresso/Balancer2/Balancer2_firm_TargetAngle/lib\libBalancer2_lib.a(usb_user.o)
 .bss           0x00000000        0x0 Y:/LPCXpresso/Balancer2/Balancer2_firm_TargetAngle/lib\libBalancer2_lib.a(usb_user.o)
 .text.USB_EndPoint2
                0x00000000        0x4 Y:/LPCXpresso/Balancer2/Balancer2_firm_TargetAngle/lib\libBalancer2_lib.a(usb_user.o)
 .text.USB_EndPoint3
                0x00000000        0x4 Y:/LPCXpresso/Balancer2/Balancer2_firm_TargetAngle/lib\libBalancer2_lib.a(usb_user.o)
 .text          0x00000000        0x0 Y:/LPCXpresso/Balancer2/Balancer2_firm_TargetAngle/lib\libBalancer2_lib.a(usb_core.o)
 .data          0x00000000        0x0 Y:/LPCXpresso/Balancer2/Balancer2_firm_TargetAngle/lib\libBalancer2_lib.a(usb_core.o)
 .bss           0x00000000        0x0 Y:/LPCXpresso/Balancer2/Balancer2_firm_TargetAngle/lib\libBalancer2_lib.a(usb_core.o)
 .text          0x00000000        0x0 Y:/LPCXpresso/Balancer2/Balancer2_firm_TargetAngle/lib\libBalancer2_lib.a(usb_descriptors.o)
 .data          0x00000000        0x0 Y:/LPCXpresso/Balancer2/Balancer2_firm_TargetAngle/lib\libBalancer2_lib.a(usb_descriptors.o)
 .bss           0x00000000        0x0 Y:/LPCXpresso/Balancer2/Balancer2_firm_TargetAngle/lib\libBalancer2_lib.a(usb_descriptors.o)
 .text          0x00000000        0x0 Y:/LPCXpresso/Balancer2/Balancer2_firm_TargetAngle/lib\libBalancer2_lib.a(usb_hardware.o)
 .data          0x00000000        0x0 Y:/LPCXpresso/Balancer2/Balancer2_firm_TargetAngle/lib\libBalancer2_lib.a(usb_hardware.o)
 .text.USB_Suspend
                0x00000000        0xc Y:/LPCXpresso/Balancer2/Balancer2_firm_TargetAngle/lib\libBalancer2_lib.a(usb_hardware.o)
 .text.USB_Resume
                0x00000000        0xc Y:/LPCXpresso/Balancer2/Balancer2_firm_TargetAngle/lib\libBalancer2_lib.a(usb_hardware.o)
 .text.USB_WakeUp
                0x00000000       0x28 Y:/LPCXpresso/Balancer2/Balancer2_firm_TargetAngle/lib\libBalancer2_lib.a(usb_hardware.o)
 .text.USB_ClearEPBuf
                0x00000000       0x1c Y:/LPCXpresso/Balancer2/Balancer2_firm_TargetAngle/lib\libBalancer2_lib.a(usb_hardware.o)
 .text.USB_GetFrame
                0x00000000       0x38 Y:/LPCXpresso/Balancer2/Balancer2_firm_TargetAngle/lib\libBalancer2_lib.a(usb_hardware.o)
 .text          0x00000000        0x0 Y:/LPCXpresso/Balancer2/Balancer2_firm_TargetAngle/lib\libBalancer2_lib.a(usb_hiduser.o)
 .data          0x00000000        0x0 Y:/LPCXpresso/Balancer2/Balancer2_firm_TargetAngle/lib\libBalancer2_lib.a(usb_hiduser.o)
 .bss           0x00000000        0x0 Y:/LPCXpresso/Balancer2/Balancer2_firm_TargetAngle/lib\libBalancer2_lib.a(usb_hiduser.o)
 .text          0x00000000        0x0 c:/nxp/lpcxpresso_8.2.2_650/lpcxpresso/tools/bin/../lib/gcc/arm-none-eabi/5.4.1/../../../../arm-none-eabi/lib/armv7-m\libcr_c.a(memset.o)
 .data          0x00000000        0x0 c:/nxp/lpcxpresso_8.2.2_650/lpcxpresso/tools/bin/../lib/gcc/arm-none-eabi/5.4.1/../../../../arm-none-eabi/lib/armv7-m\libcr_c.a(memset.o)
 .bss           0x00000000        0x0 c:/nxp/lpcxpresso_8.2.2_650/lpcxpresso/tools/bin/../lib/gcc/arm-none-eabi/5.4.1/../../../../arm-none-eabi/lib/armv7-m\libcr_c.a(memset.o)
 .text          0x00000000        0x0 c:/nxp/lpcxpresso_8.2.2_650/lpcxpresso/tools/bin/../lib/gcc/arm-none-eabi/5.4.1/armv7-m\libcr_eabihelpers.a(division_64.o)
 .data          0x00000000        0x0 c:/nxp/lpcxpresso_8.2.2_650/lpcxpresso/tools/bin/../lib/gcc/arm-none-eabi/5.4.1/armv7-m\libcr_eabihelpers.a(division_64.o)
 .bss           0x00000000        0x0 c:/nxp/lpcxpresso_8.2.2_650/lpcxpresso/tools/bin/../lib/gcc/arm-none-eabi/5.4.1/armv7-m\libcr_eabihelpers.a(division_64.o)
 .text          0x00000000        0x0 c:/nxp/lpcxpresso_8.2.2_650/lpcxpresso/tools/bin/../lib/gcc/arm-none-eabi/5.4.1/armv7-m\libcr_eabihelpers.a(division_idiv0.o)
 .data          0x00000000        0x0 c:/nxp/lpcxpresso_8.2.2_650/lpcxpresso/tools/bin/../lib/gcc/arm-none-eabi/5.4.1/armv7-m\libcr_eabihelpers.a(division_idiv0.o)
 .bss           0x00000000        0x0 c:/nxp/lpcxpresso_8.2.2_650/lpcxpresso/tools/bin/../lib/gcc/arm-none-eabi/5.4.1/armv7-m\libcr_eabihelpers.a(division_idiv0.o)
 .text          0x00000000        0x0 c:/nxp/lpcxpresso_8.2.2_650/lpcxpresso/tools/bin/../lib/gcc/arm-none-eabi/5.4.1/armv7-m\libcr_eabihelpers.a(double.o)
 .data          0x00000000        0x0 c:/nxp/lpcxpresso_8.2.2_650/lpcxpresso/tools/bin/../lib/gcc/arm-none-eabi/5.4.1/armv7-m\libcr_eabihelpers.a(double.o)
 .bss           0x00000000        0x0 c:/nxp/lpcxpresso_8.2.2_650/lpcxpresso/tools/bin/../lib/gcc/arm-none-eabi/5.4.1/armv7-m\libcr_eabihelpers.a(double.o)
 .text.__aeabi_drsub
                0x00000000       0x1c c:/nxp/lpcxpresso_8.2.2_650/lpcxpresso/tools/bin/../lib/gcc/arm-none-eabi/5.4.1/armv7-m\libcr_eabihelpers.a(double.o)
 .text.__aeabi_dneg
                0x00000000        0x8 c:/nxp/lpcxpresso_8.2.2_650/lpcxpresso/tools/bin/../lib/gcc/arm-none-eabi/5.4.1/armv7-m\libcr_eabihelpers.a(double.o)
 .text.__aeabi_d2f
                0x00000000       0x54 c:/nxp/lpcxpresso_8.2.2_650/lpcxpresso/tools/bin/../lib/gcc/arm-none-eabi/5.4.1/armv7-m\libcr_eabihelpers.a(double.o)
 .text.__aeabi_d2uiz
                0x00000000       0x30 c:/nxp/lpcxpresso_8.2.2_650/lpcxpresso/tools/bin/../lib/gcc/arm-none-eabi/5.4.1/armv7-m\libcr_eabihelpers.a(double.o)
 .text.__aeabi_d2lz
                0x00000000       0x6a c:/nxp/lpcxpresso_8.2.2_650/lpcxpresso/tools/bin/../lib/gcc/arm-none-eabi/5.4.1/armv7-m\libcr_eabihelpers.a(double.o)
 .text.__aeabi_d2ulz
                0x00000000       0x54 c:/nxp/lpcxpresso_8.2.2_650/lpcxpresso/tools/bin/../lib/gcc/arm-none-eabi/5.4.1/armv7-m\libcr_eabihelpers.a(double.o)
 .text.__aeabi_ul2d
                0x00000000        0x8 c:/nxp/lpcxpresso_8.2.2_650/lpcxpresso/tools/bin/../lib/gcc/arm-none-eabi/5.4.1/armv7-m\libcr_eabihelpers.a(double.o)
 .text.__aeabi_dcmpeq
                0x00000000       0x2c c:/nxp/lpcxpresso_8.2.2_650/lpcxpresso/tools/bin/../lib/gcc/arm-none-eabi/5.4.1/armv7-m\libcr_eabihelpers.a(double.o)
 .text.__aeabi_dcmple
                0x00000000       0x54 c:/nxp/lpcxpresso_8.2.2_650/lpcxpresso/tools/bin/../lib/gcc/arm-none-eabi/5.4.1/armv7-m\libcr_eabihelpers.a(double.o)
 .text.__aeabi_dcmpge
                0x00000000       0x54 c:/nxp/lpcxpresso_8.2.2_650/lpcxpresso/tools/bin/../lib/gcc/arm-none-eabi/5.4.1/armv7-m\libcr_eabihelpers.a(double.o)
 .text.__aeabi_dcmpun
                0x00000000       0x1a c:/nxp/lpcxpresso_8.2.2_650/lpcxpresso/tools/bin/../lib/gcc/arm-none-eabi/5.4.1/armv7-m\libcr_eabihelpers.a(double.o)
 .text.__aeabi_cdcmple
                0x00000000       0x24 c:/nxp/lpcxpresso_8.2.2_650/lpcxpresso/tools/bin/../lib/gcc/arm-none-eabi/5.4.1/armv7-m\libcr_eabihelpers.a(double.o)
 .text.__aeabi_cdrcmple
                0x00000000       0x14 c:/nxp/lpcxpresso_8.2.2_650/lpcxpresso/tools/bin/../lib/gcc/arm-none-eabi/5.4.1/armv7-m\libcr_eabihelpers.a(double.o)
 .text          0x00000000        0x0 c:/nxp/lpcxpresso_8.2.2_650/lpcxpresso/tools/bin/../lib/gcc/arm-none-eabi/5.4.1/armv7-m\libcr_eabihelpers.a(memcpy.o)
 .data          0x00000000        0x0 c:/nxp/lpcxpresso_8.2.2_650/lpcxpresso/tools/bin/../lib/gcc/arm-none-eabi/5.4.1/armv7-m\libcr_eabihelpers.a(memcpy.o)
 .bss           0x00000000        0x0 c:/nxp/lpcxpresso_8.2.2_650/lpcxpresso/tools/bin/../lib/gcc/arm-none-eabi/5.4.1/armv7-m\libcr_eabihelpers.a(memcpy.o)
 .text.__aeabi_memcpy
                0x00000000       0x34 c:/nxp/lpcxpresso_8.2.2_650/lpcxpresso/tools/bin/../lib/gcc/arm-none-eabi/5.4.1/armv7-m\libcr_eabihelpers.a(memcpy.o)
 .text.__aeabi_memmove
                0x00000000       0x1c c:/nxp/lpcxpresso_8.2.2_650/lpcxpresso/tools/bin/../lib/gcc/arm-none-eabi/5.4.1/armv7-m\libcr_eabihelpers.a(memcpy.o)
 .text.__aeabi_memclr
                0x00000000        0x8 c:/nxp/lpcxpresso_8.2.2_650/lpcxpresso/tools/bin/../lib/gcc/arm-none-eabi/5.4.1/armv7-m\libcr_eabihelpers.a(memcpy.o)
 .text.__aeabi_memset
                0x00000000        0xa c:/nxp/lpcxpresso_8.2.2_650/lpcxpresso/tools/bin/../lib/gcc/arm-none-eabi/5.4.1/armv7-m\libcr_eabihelpers.a(memcpy.o)

Memory Configuration

Name             Origin             Length             Attributes
MFlash32         0x00000000         0x00007000         xr
FlashMap         0x00007000         0x00001000         xr
RamLoc8          0x10000000         0x00002000         xrw
*default*        0x00000000         0xffffffff

Linker script and memory map

LOAD ./src/control.o
LOAD ./src/cr_startup_lpc13.o
LOAD ./src/main.o
LOAD Y:/LPCXpresso/Balancer2/Balancer2_firm_TargetAngle/lib\libBalancer2_lib.a
START GROUP
LOAD c:/nxp/lpcxpresso_8.2.2_650/lpcxpresso/tools/bin/../lib/gcc/arm-none-eabi/5.4.1/../../../../arm-none-eabi/lib/armv7-m\libcr_semihost.a
LOAD c:/nxp/lpcxpresso_8.2.2_650/lpcxpresso/tools/bin/../lib/gcc/arm-none-eabi/5.4.1/../../../../arm-none-eabi/lib/armv7-m\libcr_c.a
LOAD c:/nxp/lpcxpresso_8.2.2_650/lpcxpresso/tools/bin/../lib/gcc/arm-none-eabi/5.4.1/armv7-m\libcr_eabihelpers.a
END GROUP
                0x00007000                __top_MFlash32 = 0x7000
                0x00008000                __top_FlashMap = 0x8000
                0x10002000                __top_RamLoc8 = 0x10002000

.text           0x00000000     0x4480
 *(.isr_vector)
 .isr_vector    0x00000000      0x124 ./src/cr_startup_lpc13.o
                0x00000000                g_pfnVectors
 *(.text*)
 .text.ClearVariables
                0x00000124       0x24 ./src/control.o
                0x00000124                ClearVariables
 .text.calibrarion
                0x00000148       0xf8 ./src/control.o
                0x00000148                calibrarion
 .text.Control  0x00000240      0x288 ./src/control.o
                0x00000240                Control
 .text.VS_C3Control
                0x000004c8       0x7c ./src/control.o
                0x000004c8                VS_C3Control
 *fill*         0x00000544        0x4 
 .text.isWhleeOverSpeed
                0x00000548       0xd8 ./src/control.o
                0x00000548                isWhleeOverSpeed
 .text.NMI_Handler
                0x00000620        0x4 ./src/cr_startup_lpc13.o
                0x00000620                NMI_Handler
 .text.HardFault_Handler
                0x00000624        0x4 ./src/cr_startup_lpc13.o
                0x00000624                HardFault_Handler
 .text.MemManage_Handler
                0x00000628        0x4 ./src/cr_startup_lpc13.o
                0x00000628                MemManage_Handler
 .text.BusFault_Handler
                0x0000062c        0x4 ./src/cr_startup_lpc13.o
                0x0000062c                BusFault_Handler
 .text.UsageFault_Handler
                0x00000630        0x4 ./src/cr_startup_lpc13.o
                0x00000630                UsageFault_Handler
 .text.SVCall_Handler
                0x00000634        0x4 ./src/cr_startup_lpc13.o
                0x00000634                SVCall_Handler
 .text.DebugMon_Handler
                0x00000638        0x4 ./src/cr_startup_lpc13.o
                0x00000638                DebugMon_Handler
 .text.PendSV_Handler
                0x0000063c        0x4 ./src/cr_startup_lpc13.o
                0x0000063c                PendSV_Handler
 .text.IntDefaultHandler
                0x00000640        0x4 ./src/cr_startup_lpc13.o
                0x00000640                TIMER16_0_IRQHandler
                0x00000640                TIMER32_1_IRQHandler
                0x00000640                PIOINT1_IRQHandler
                0x00000640                SSP_IRQHandler
                0x00000640                TIMER16_1_IRQHandler
                0x00000640                USB_FIQHandler
                0x00000640                PIOINT2_IRQHandler
                0x00000640                BOD_IRQHandler
                0x00000640                WAKEUP_IRQHandler
                0x00000640                PIOINT0_IRQHandler
                0x00000640                WDT_IRQHandler
                0x00000640                PIOINT3_IRQHandler
                0x00000640                FMC_IRQHandler
 .text.Reset_Handler
                0x00000644       0x64 ./src/cr_startup_lpc13.o
                0x00000644                ResetISR
                0x00000644                Reset_Handler
 .text.LedBlink
                0x000006a8       0x50 ./src/main.o
                0x000006a8                LedBlink
 .text.main     0x000006f8      0x11c ./src/main.o
                0x000006f8                main
 .text.ADCInit  0x00000814       0xa0 Y:/LPCXpresso/Balancer2/Balancer2_firm_TargetAngle/lib\libBalancer2_lib.a(adc.o)
                0x00000814                ADCInit
 .text.ADCRead  0x000008b4       0x24 Y:/LPCXpresso/Balancer2/Balancer2_firm_TargetAngle/lib\libBalancer2_lib.a(adc.o)
                0x000008b4                ADCRead
 .text.ADC_IRQHandler
                0x000008d8      0x164 Y:/LPCXpresso/Balancer2/Balancer2_firm_TargetAngle/lib\libBalancer2_lib.a(adc.o)
                0x000008d8                ADC_IRQHandler
 .text.ClearCurrentVariables
                0x00000a3c       0x64 Y:/LPCXpresso/Balancer2/Balancer2_firm_TargetAngle/lib\libBalancer2_lib.a(current.o)
                0x00000a3c                ClearCurrentVariables
 .text.getCurrent
                0x00000aa0       0x6c Y:/LPCXpresso/Balancer2/Balancer2_firm_TargetAngle/lib\libBalancer2_lib.a(current.o)
                0x00000aa0                getCurrent
 .text.CurrentControlDisable
                0x00000b0c       0x10 Y:/LPCXpresso/Balancer2/Balancer2_firm_TargetAngle/lib\libBalancer2_lib.a(current.o)
                0x00000b0c                CurrentControlDisable
 .text.CurrentControlEnable
                0x00000b1c       0x10 Y:/LPCXpresso/Balancer2/Balancer2_firm_TargetAngle/lib\libBalancer2_lib.a(current.o)
                0x00000b1c                CurrentControlEnable
 .text.MTRCurrentControlProc
                0x00000b2c      0x234 Y:/LPCXpresso/Balancer2/Balancer2_firm_TargetAngle/lib\libBalancer2_lib.a(current.o)
                0x00000b2c                MTRCurrentControlProc
 .text.InitEncoder
                0x00000d60       0x94 Y:/LPCXpresso/Balancer2/Balancer2_firm_TargetAngle/lib\libBalancer2_lib.a(enc.o)
                0x00000d60                InitEncoder
 .text.ClearEncVariables
                0x00000df4       0x28 Y:/LPCXpresso/Balancer2/Balancer2_firm_TargetAngle/lib\libBalancer2_lib.a(enc.o)
                0x00000df4                ClearEncVariables
 *fill*         0x00000e1c        0x4 
 .text.EncProc  0x00000e20      0x188 Y:/LPCXpresso/Balancer2/Balancer2_firm_TargetAngle/lib\libBalancer2_lib.a(enc.o)
                0x00000e20                EncProc
 .text.IntEncoder
                0x00000fa8       0x90 Y:/LPCXpresso/Balancer2/Balancer2_firm_TargetAngle/lib\libBalancer2_lib.a(enc.o)
                0x00000fa8                IntEncoder
 .text.SysTick_Handler
                0x00001038       0x44 Y:/LPCXpresso/Balancer2/Balancer2_firm_TargetAngle/lib\libBalancer2_lib.a(enc.o)
                0x00001038                SysTick_Handler
 .text.GPIOSetDir
                0x0000107c       0xf0 Y:/LPCXpresso/Balancer2/Balancer2_firm_TargetAngle/lib\libBalancer2_lib.a(gpio.o)
                0x0000107c                GPIOSetDir
 .text.GPIOSetValue
                0x0000116c       0x60 Y:/LPCXpresso/Balancer2/Balancer2_firm_TargetAngle/lib\libBalancer2_lib.a(gpio.o)
                0x0000116c                GPIOSetValue
 .text.GPIOGetValueBit
                0x000011cc       0x60 Y:/LPCXpresso/Balancer2/Balancer2_firm_TargetAngle/lib\libBalancer2_lib.a(gpio.o)
                0x000011cc                GPIOGetValueBit
 .text.ClearGyroVariables
                0x0000122c       0x1c Y:/LPCXpresso/Balancer2/Balancer2_firm_TargetAngle/lib\libBalancer2_lib.a(gyro.o)
                0x0000122c                ClearGyroVariables
 .text.SetI2CGain
                0x00001248       0x70 Y:/LPCXpresso/Balancer2/Balancer2_firm_TargetAngle/lib\libBalancer2_lib.a(gyro.o)
                0x00001248                SetI2CGain
 .text.getGyroI2C
                0x000012b8       0x50 Y:/LPCXpresso/Balancer2/Balancer2_firm_TargetAngle/lib\libBalancer2_lib.a(gyro.o)
                0x000012b8                getGyroI2C
 .text.GyroProc
                0x00001308       0xe8 Y:/LPCXpresso/Balancer2/Balancer2_firm_TargetAngle/lib\libBalancer2_lib.a(gyro.o)
                0x00001308                GyroProc
 .text.I2C_IRQHandler
                0x000013f0      0x230 Y:/LPCXpresso/Balancer2/Balancer2_firm_TargetAngle/lib\libBalancer2_lib.a(i2c.o)
                0x000013f0                I2C_IRQHandler
 .text.I2CStart
                0x00001620       0x50 Y:/LPCXpresso/Balancer2/Balancer2_firm_TargetAngle/lib\libBalancer2_lib.a(i2c.o)
                0x00001620                I2CStart
 .text.I2CStop  0x00001670       0x1c Y:/LPCXpresso/Balancer2/Balancer2_firm_TargetAngle/lib\libBalancer2_lib.a(i2c.o)
                0x00001670                I2CStop
 .text.I2CInit  0x0000168c       0x70 Y:/LPCXpresso/Balancer2/Balancer2_firm_TargetAngle/lib\libBalancer2_lib.a(i2c.o)
                0x0000168c                I2CInit
 .text.I2CEngine
                0x000016fc       0x34 Y:/LPCXpresso/Balancer2/Balancer2_firm_TargetAngle/lib\libBalancer2_lib.a(i2c.o)
                0x000016fc                I2CEngine
 .text.isLogEnable
                0x00001730       0x10 Y:/LPCXpresso/Balancer2/Balancer2_firm_TargetAngle/lib\libBalancer2_lib.a(log.o)
                0x00001730                isLogEnable
 .text.isLogRecoding
                0x00001740       0x14 Y:/LPCXpresso/Balancer2/Balancer2_firm_TargetAngle/lib\libBalancer2_lib.a(log.o)
                0x00001740                isLogRecoding
 .text.LogStart
                0x00001754       0x14 Y:/LPCXpresso/Balancer2/Balancer2_firm_TargetAngle/lib\libBalancer2_lib.a(log.o)
                0x00001754                LogStart
 .text.LogStop  0x00001768       0x14 Y:/LPCXpresso/Balancer2/Balancer2_firm_TargetAngle/lib\libBalancer2_lib.a(log.o)
                0x00001768                LogStop
 .text.LogProc  0x0000177c      0x178 Y:/LPCXpresso/Balancer2/Balancer2_firm_TargetAngle/lib\libBalancer2_lib.a(log.o)
                0x0000177c                LogProc
 .text.SystemInit
                0x000018f4       0xec Y:/LPCXpresso/Balancer2/Balancer2_firm_TargetAngle/lib\libBalancer2_lib.a(system_LPC13xx.o)
                0x000018f4                SystemInit
 .text.UART_IRQHandler
                0x000019e0       0xd4 Y:/LPCXpresso/Balancer2/Balancer2_firm_TargetAngle/lib\libBalancer2_lib.a(uart.o)
                0x000019e0                UART_IRQHandler
 .text.UARTInit
                0x00001ab4       0xd8 Y:/LPCXpresso/Balancer2/Balancer2_firm_TargetAngle/lib\libBalancer2_lib.a(uart.o)
                0x00001ab4                UARTInit
 .text.getCnt   0x00001b8c       0x10 Y:/LPCXpresso/Balancer2/Balancer2_firm_TargetAngle/lib\libBalancer2_lib.a(util.o)
                0x00001b8c                getCnt
 .text.Sync     0x00001b9c       0x30 Y:/LPCXpresso/Balancer2/Balancer2_firm_TargetAngle/lib\libBalancer2_lib.a(vs-bb022.o)
                0x00001b9c                Sync
 .text.getSW    0x00001bcc       0x14 Y:/LPCXpresso/Balancer2/Balancer2_firm_TargetAngle/lib\libBalancer2_lib.a(vs-bb022.o)
                0x00001bcc                getSW
 .text.Wait     0x00001be0       0x44 Y:/LPCXpresso/Balancer2/Balancer2_firm_TargetAngle/lib\libBalancer2_lib.a(vs-bb022.o)
                0x00001be0                Wait
 .text.CycleProc
                0x00001c24       0x4c Y:/LPCXpresso/Balancer2/Balancer2_firm_TargetAngle/lib\libBalancer2_lib.a(vs-bb022.o)
                0x00001c24                CycleProc
 .text.setLED   0x00001c70       0x24 Y:/LPCXpresso/Balancer2/Balancer2_firm_TargetAngle/lib\libBalancer2_lib.a(vs-bb022.o)
                0x00001c70                setLED
 *fill*         0x00001c94        0x4 
 .text.InitMemmap
                0x00001c98      0x1b8 Y:/LPCXpresso/Balancer2/Balancer2_firm_TargetAngle/lib\libBalancer2_lib.a(vs-bb022.o)
                0x00001c98                InitMemmap
 .text.SetMotorPwm
                0x00001e50      0x100 Y:/LPCXpresso/Balancer2/Balancer2_firm_TargetAngle/lib\libBalancer2_lib.a(vs-bb022.o)
                0x00001e50                SetMotorPwm
 .text.Timer16Init
                0x00001f50       0x7c Y:/LPCXpresso/Balancer2/Balancer2_firm_TargetAngle/lib\libBalancer2_lib.a(vs-bb022.o)
                0x00001f50                Timer16Init
 .text.Timer32Init
                0x00001fcc       0x3c Y:/LPCXpresso/Balancer2/Balancer2_firm_TargetAngle/lib\libBalancer2_lib.a(vs-bb022.o)
                0x00001fcc                Timer32Init
 .text.TIMER32_0_IRQHandler
                0x00002008       0x90 Y:/LPCXpresso/Balancer2/Balancer2_firm_TargetAngle/lib\libBalancer2_lib.a(vs-bb022.o)
                0x00002008                TIMER32_0_IRQHandler
 .text.DisableIntterupt
                0x00002098       0x3c Y:/LPCXpresso/Balancer2/Balancer2_firm_TargetAngle/lib\libBalancer2_lib.a(vs-bb022.o)
                0x00002098                DisableIntterupt
 .text.Init     0x000020d4      0x100 Y:/LPCXpresso/Balancer2/Balancer2_firm_TargetAngle/lib\libBalancer2_lib.a(vs-bb022.o)
                0x000020d4                Init
 .text.Balancer2Init
                0x000021d4       0x20 Y:/LPCXpresso/Balancer2/Balancer2_firm_TargetAngle/lib\libBalancer2_lib.a(vs-bb022.o)
                0x000021d4                Balancer2Init
 .text.EnableIntterupt
                0x000021f4       0x20 Y:/LPCXpresso/Balancer2/Balancer2_firm_TargetAngle/lib\libBalancer2_lib.a(vs-bb022.o)
                0x000021f4                EnableIntterupt
 .text.call_IAP
                0x00002214       0x2c Y:/LPCXpresso/Balancer2/Balancer2_firm_TargetAngle/lib\libBalancer2_lib.a(flash.o)
 .text.FLASH_ProgramPage
                0x00002240       0x48 Y:/LPCXpresso/Balancer2/Balancer2_firm_TargetAngle/lib\libBalancer2_lib.a(flash.o)
                0x00002240                FLASH_ProgramPage
 .text.FLASH_ErasePage
                0x00002288       0x30 Y:/LPCXpresso/Balancer2/Balancer2_firm_TargetAngle/lib\libBalancer2_lib.a(flash.o)
                0x00002288                FLASH_ErasePage
 .text.FLASH_WRITE_MEMMAP
                0x000022b8       0x48 Y:/LPCXpresso/Balancer2/Balancer2_firm_TargetAngle/lib\libBalancer2_lib.a(flash.o)
                0x000022b8                FLASH_WRITE_MEMMAP
 .text.FLASH_READ_MEMMAP
                0x00002300       0x1c Y:/LPCXpresso/Balancer2/Balancer2_firm_TargetAngle/lib\libBalancer2_lib.a(flash.o)
                0x00002300                FLASH_READ_MEMMAP
 .text.PadWait  0x0000231c       0x10 Y:/LPCXpresso/Balancer2/Balancer2_firm_TargetAngle/lib\libBalancer2_lib.a(pad.o)
                0x0000231c                PadWait
 .text.Ds2rw    0x0000232c       0x8c Y:/LPCXpresso/Balancer2/Balancer2_firm_TargetAngle/lib\libBalancer2_lib.a(pad.o)
                0x0000232c                Ds2rw
 .text.Ds2Com   0x000023b8       0x44 Y:/LPCXpresso/Balancer2/Balancer2_firm_TargetAngle/lib\libBalancer2_lib.a(pad.o)
                0x000023b8                Ds2Com
 .text.PS_Set_AN
                0x000023fc       0xa0 Y:/LPCXpresso/Balancer2/Balancer2_firm_TargetAngle/lib\libBalancer2_lib.a(pad.o)
                0x000023fc                PS_Set_AN
 .text.updatePAD
                0x0000249c       0xb8 Y:/LPCXpresso/Balancer2/Balancer2_firm_TargetAngle/lib\libBalancer2_lib.a(pad.o)
                0x0000249c                updatePAD
 .text.PADProc  0x00002554        0x8 Y:/LPCXpresso/Balancer2/Balancer2_firm_TargetAngle/lib\libBalancer2_lib.a(pad.o)
                0x00002554                PADProc
 .text.USBInit  0x0000255c       0x70 Y:/LPCXpresso/Balancer2/Balancer2_firm_TargetAngle/lib\libBalancer2_lib.a(usb_user.o)
                0x0000255c                USBInit
 .text.USB_Reset_Event
                0x000025cc        0x8 Y:/LPCXpresso/Balancer2/Balancer2_firm_TargetAngle/lib\libBalancer2_lib.a(usb_user.o)
                0x000025cc                USB_Reset_Event
 .text.SetUSBSendData
                0x000025d4       0x40 Y:/LPCXpresso/Balancer2/Balancer2_firm_TargetAngle/lib\libBalancer2_lib.a(usb_user.o)
                0x000025d4                SetUSBSendData
 .text.InUSBDataProcces
                0x00002614      0x19c Y:/LPCXpresso/Balancer2/Balancer2_firm_TargetAngle/lib\libBalancer2_lib.a(usb_user.o)
                0x00002614                InUSBDataProcces
 .text.USB_EndPoint1
                0x000027b0       0x18 Y:/LPCXpresso/Balancer2/Balancer2_firm_TargetAngle/lib\libBalancer2_lib.a(usb_user.o)
                0x000027b0                USB_EndPoint1
 .text.USB_ResetCore
                0x000027c8       0x4c Y:/LPCXpresso/Balancer2/Balancer2_firm_TargetAngle/lib\libBalancer2_lib.a(usb_core.o)
                0x000027c8                USB_ResetCore
 .text.USB_SetupStage
                0x00002814       0x14 Y:/LPCXpresso/Balancer2/Balancer2_firm_TargetAngle/lib\libBalancer2_lib.a(usb_core.o)
                0x00002814                USB_SetupStage
 .text.USB_DataInStage
                0x00002828       0x58 Y:/LPCXpresso/Balancer2/Balancer2_firm_TargetAngle/lib\libBalancer2_lib.a(usb_core.o)
                0x00002828                USB_DataInStage
 .text.USB_DataOutStage
                0x00002880       0x3c Y:/LPCXpresso/Balancer2/Balancer2_firm_TargetAngle/lib\libBalancer2_lib.a(usb_core.o)
                0x00002880                USB_DataOutStage
 .text.USB_StatusInStage
                0x000028bc       0x10 Y:/LPCXpresso/Balancer2/Balancer2_firm_TargetAngle/lib\libBalancer2_lib.a(usb_core.o)
                0x000028bc                USB_StatusInStage
 .text.USB_StatusOutStage
                0x000028cc       0x14 Y:/LPCXpresso/Balancer2/Balancer2_firm_TargetAngle/lib\libBalancer2_lib.a(usb_core.o)
                0x000028cc                USB_StatusOutStage
 .text.USB_ReqGetStatus
                0x000028e0       0xf4 Y:/LPCXpresso/Balancer2/Balancer2_firm_TargetAngle/lib\libBalancer2_lib.a(usb_core.o)
                0x000028e0                USB_ReqGetStatus
 .text.USB_ReqSetClrFeature
                0x000029d4      0x130 Y:/LPCXpresso/Balancer2/Balancer2_firm_TargetAngle/lib\libBalancer2_lib.a(usb_core.o)
                0x000029d4                USB_ReqSetClrFeature
 .text.USB_ReqSetAddress
                0x00002b04       0x3c Y:/LPCXpresso/Balancer2/Balancer2_firm_TargetAngle/lib\libBalancer2_lib.a(usb_core.o)
                0x00002b04                USB_ReqSetAddress
 .text.USB_ReqGetDescriptor
                0x00002b40      0x174 Y:/LPCXpresso/Balancer2/Balancer2_firm_TargetAngle/lib\libBalancer2_lib.a(usb_core.o)
                0x00002b40                USB_ReqGetDescriptor
 .text.USB_ReqGetConfiguration
                0x00002cb4       0x38 Y:/LPCXpresso/Balancer2/Balancer2_firm_TargetAngle/lib\libBalancer2_lib.a(usb_core.o)
                0x00002cb4                USB_ReqGetConfiguration
 .text.UsbAddPtr
                0x00002cec       0x24 Y:/LPCXpresso/Balancer2/Balancer2_firm_TargetAngle/lib\libBalancer2_lib.a(usb_core.o)
                0x00002cec                UsbAddPtr
 .text.USB_ReqSetConfiguration
                0x00002d10      0x254 Y:/LPCXpresso/Balancer2/Balancer2_firm_TargetAngle/lib\libBalancer2_lib.a(usb_core.o)
                0x00002d10                USB_ReqSetConfiguration
 .text.USB_ReqGetInterface
                0x00002f64       0x68 Y:/LPCXpresso/Balancer2/Balancer2_firm_TargetAngle/lib\libBalancer2_lib.a(usb_core.o)
                0x00002f64                USB_ReqGetInterface
 .text.USB_ReqSetInterface
                0x00002fcc      0x1b8 Y:/LPCXpresso/Balancer2/Balancer2_firm_TargetAngle/lib\libBalancer2_lib.a(usb_core.o)
                0x00002fcc                USB_ReqSetInterface
 .text.USB_EndPoint0
                0x00003184      0x32c Y:/LPCXpresso/Balancer2/Balancer2_firm_TargetAngle/lib\libBalancer2_lib.a(usb_core.o)
                0x00003184                USB_EndPoint0
 .text.delay    0x000034b0       0x2c Y:/LPCXpresso/Balancer2/Balancer2_firm_TargetAngle/lib\libBalancer2_lib.a(usb_hardware.o)
                0x000034b0                delay
 .text.EPAdr    0x000034dc       0x30 Y:/LPCXpresso/Balancer2/Balancer2_firm_TargetAngle/lib\libBalancer2_lib.a(usb_hardware.o)
                0x000034dc                EPAdr
 .text.WrCmd    0x0000350c       0x58 Y:/LPCXpresso/Balancer2/Balancer2_firm_TargetAngle/lib\libBalancer2_lib.a(usb_hardware.o)
                0x0000350c                WrCmd
 .text.WrCmdDat
                0x00003564       0x1c Y:/LPCXpresso/Balancer2/Balancer2_firm_TargetAngle/lib\libBalancer2_lib.a(usb_hardware.o)
                0x00003564                WrCmdDat
 .text.WrCmdEP  0x00003580       0x2c Y:/LPCXpresso/Balancer2/Balancer2_firm_TargetAngle/lib\libBalancer2_lib.a(usb_hardware.o)
                0x00003580                WrCmdEP
 .text.RdCmdDat
                0x000035ac       0x38 Y:/LPCXpresso/Balancer2/Balancer2_firm_TargetAngle/lib\libBalancer2_lib.a(usb_hardware.o)
                0x000035ac                RdCmdDat
 .text.USB_Connect
                0x000035e4       0x5c Y:/LPCXpresso/Balancer2/Balancer2_firm_TargetAngle/lib\libBalancer2_lib.a(usb_hardware.o)
                0x000035e4                USB_Connect
 .text.USB_Reset
                0x00003640       0x24 Y:/LPCXpresso/Balancer2/Balancer2_firm_TargetAngle/lib\libBalancer2_lib.a(usb_hardware.o)
                0x00003640                USB_Reset
 .text.USB_WakeUpCfg
                0x00003664       0x14 Y:/LPCXpresso/Balancer2/Balancer2_firm_TargetAngle/lib\libBalancer2_lib.a(usb_hardware.o)
                0x00003664                USB_WakeUpCfg
 .text.USB_SetAddress
                0x00003678       0x3c Y:/LPCXpresso/Balancer2/Balancer2_firm_TargetAngle/lib\libBalancer2_lib.a(usb_hardware.o)
                0x00003678                USB_SetAddress
 .text.USB_Configure
                0x000036b4       0x30 Y:/LPCXpresso/Balancer2/Balancer2_firm_TargetAngle/lib\libBalancer2_lib.a(usb_hardware.o)
                0x000036b4                USB_Configure
 .text.USB_ConfigEP
                0x000036e4       0x14 Y:/LPCXpresso/Balancer2/Balancer2_firm_TargetAngle/lib\libBalancer2_lib.a(usb_hardware.o)
                0x000036e4                USB_ConfigEP
 .text.USB_DirCtrlEP
                0x000036f8       0x14 Y:/LPCXpresso/Balancer2/Balancer2_firm_TargetAngle/lib\libBalancer2_lib.a(usb_hardware.o)
                0x000036f8                USB_DirCtrlEP
 .text.USB_EnableEP
                0x0000370c       0x2c Y:/LPCXpresso/Balancer2/Balancer2_firm_TargetAngle/lib\libBalancer2_lib.a(usb_hardware.o)
                0x0000370c                USB_EnableEP
 .text.USB_DisableEP
                0x00003738       0x2c Y:/LPCXpresso/Balancer2/Balancer2_firm_TargetAngle/lib\libBalancer2_lib.a(usb_hardware.o)
                0x00003738                USB_DisableEP
 .text.USB_ResetEP
                0x00003764       0x2c Y:/LPCXpresso/Balancer2/Balancer2_firm_TargetAngle/lib\libBalancer2_lib.a(usb_hardware.o)
                0x00003764                USB_ResetEP
 .text.USB_SetStallEP
                0x00003790       0x2c Y:/LPCXpresso/Balancer2/Balancer2_firm_TargetAngle/lib\libBalancer2_lib.a(usb_hardware.o)
                0x00003790                USB_SetStallEP
 .text.USB_ClrStallEP
                0x000037bc       0x2c Y:/LPCXpresso/Balancer2/Balancer2_firm_TargetAngle/lib\libBalancer2_lib.a(usb_hardware.o)
                0x000037bc                USB_ClrStallEP
 .text.USB_ReadEP
                0x000037e8       0x80 Y:/LPCXpresso/Balancer2/Balancer2_firm_TargetAngle/lib\libBalancer2_lib.a(usb_hardware.o)
                0x000037e8                USB_ReadEP
 .text.USB_WriteEP
                0x00003868       0xa8 Y:/LPCXpresso/Balancer2/Balancer2_firm_TargetAngle/lib\libBalancer2_lib.a(usb_hardware.o)
                0x00003868                USB_WriteEP
 .text.USB_IRQHandler
                0x00003910      0x134 Y:/LPCXpresso/Balancer2/Balancer2_firm_TargetAngle/lib\libBalancer2_lib.a(usb_hardware.o)
                0x00003910                USB_IRQHandler
 .text.HID_GetIdle
                0x00003a44       0x2c Y:/LPCXpresso/Balancer2/Balancer2_firm_TargetAngle/lib\libBalancer2_lib.a(usb_hiduser.o)
                0x00003a44                HID_GetIdle
 .text.HID_SetIdle
                0x00003a70       0x28 Y:/LPCXpresso/Balancer2/Balancer2_firm_TargetAngle/lib\libBalancer2_lib.a(usb_hiduser.o)
                0x00003a70                HID_SetIdle
 .text.HID_GetProtocol
                0x00003a98       0x20 Y:/LPCXpresso/Balancer2/Balancer2_firm_TargetAngle/lib\libBalancer2_lib.a(usb_hiduser.o)
                0x00003a98                HID_GetProtocol
 .text.HID_SetProtocol
                0x00003ab8       0x24 Y:/LPCXpresso/Balancer2/Balancer2_firm_TargetAngle/lib\libBalancer2_lib.a(usb_hiduser.o)
                0x00003ab8                HID_SetProtocol
 .text.memset   0x00003adc        0x4 c:/nxp/lpcxpresso_8.2.2_650/lpcxpresso/tools/bin/../lib/gcc/arm-none-eabi/5.4.1/../../../../arm-none-eabi/lib/armv7-m\libcr_c.a(memset.o)
                0x00003adc                memset
 .text.__aeabi_division_ldivmod
                0x00003ae0       0x26 c:/nxp/lpcxpresso_8.2.2_650/lpcxpresso/tools/bin/../lib/gcc/arm-none-eabi/5.4.1/armv7-m\libcr_eabihelpers.a(division_64.o)
                0x00003ae0                __aeabi_ldivmod
 .text.__aeabi_division_uldivmod
                0x00003b06      0x174 c:/nxp/lpcxpresso_8.2.2_650/lpcxpresso/tools/bin/../lib/gcc/arm-none-eabi/5.4.1/armv7-m\libcr_eabihelpers.a(division_64.o)
                0x00003b06                __aeabi_uldivmod
                0x00003b0a                __bhs_ldivmod1
 .text.__aeabi_division_idiv0
                0x00003c7a        0x2 c:/nxp/lpcxpresso_8.2.2_650/lpcxpresso/tools/bin/../lib/gcc/arm-none-eabi/5.4.1/armv7-m\libcr_eabihelpers.a(division_idiv0.o)
                0x00003c7a                __aeabi_idiv0
 .text.__aeabi_dmul
                0x00003c7c      0x110 c:/nxp/lpcxpresso_8.2.2_650/lpcxpresso/tools/bin/../lib/gcc/arm-none-eabi/5.4.1/armv7-m\libcr_eabihelpers.a(double.o)
                0x00003c7c                __aeabi_dmul
 .text.__aeabi_ddiv
                0x00003d8c      0x138 c:/nxp/lpcxpresso_8.2.2_650/lpcxpresso/tools/bin/../lib/gcc/arm-none-eabi/5.4.1/armv7-m\libcr_eabihelpers.a(double.o)
                0x00003d8c                __aeabi_ddiv
 .text.__aeabi_dsub
                0x00003ec4      0x1a0 c:/nxp/lpcxpresso_8.2.2_650/lpcxpresso/tools/bin/../lib/gcc/arm-none-eabi/5.4.1/armv7-m\libcr_eabihelpers.a(double.o)
                0x00003ec4                __aeabi_dsub
 .text.__aeabi_dadd
                0x00004064      0x10c c:/nxp/lpcxpresso_8.2.2_650/lpcxpresso/tools/bin/../lib/gcc/arm-none-eabi/5.4.1/armv7-m\libcr_eabihelpers.a(double.o)
                0x00004064                __aeabi_dadd
 .text.__aeabi_d2iz
                0x00004170       0x40 c:/nxp/lpcxpresso_8.2.2_650/lpcxpresso/tools/bin/../lib/gcc/arm-none-eabi/5.4.1/armv7-m\libcr_eabihelpers.a(double.o)
                0x00004170                __aeabi_d2iz
 .text.__bhs_ui2d
                0x000041b0       0x46 c:/nxp/lpcxpresso_8.2.2_650/lpcxpresso/tools/bin/../lib/gcc/arm-none-eabi/5.4.1/armv7-m\libcr_eabihelpers.a(double.o)
                0x000041b0                __bhs_ui2d
 .text.__bhs_ul2d
                0x000041f6       0x88 c:/nxp/lpcxpresso_8.2.2_650/lpcxpresso/tools/bin/../lib/gcc/arm-none-eabi/5.4.1/armv7-m\libcr_eabihelpers.a(double.o)
                0x000041f6                __bhs_ul2d
 .text.__aeabi_i2d
                0x0000427e       0x10 c:/nxp/lpcxpresso_8.2.2_650/lpcxpresso/tools/bin/../lib/gcc/arm-none-eabi/5.4.1/armv7-m\libcr_eabihelpers.a(double.o)
                0x0000427e                __aeabi_i2d
 .text.__aeabi_ui2d
                0x0000428e        0x8 c:/nxp/lpcxpresso_8.2.2_650/lpcxpresso/tools/bin/../lib/gcc/arm-none-eabi/5.4.1/armv7-m\libcr_eabihelpers.a(double.o)
                0x0000428e                __aeabi_ui2d
 .text.__aeabi_l2d
                0x00004296       0x18 c:/nxp/lpcxpresso_8.2.2_650/lpcxpresso/tools/bin/../lib/gcc/arm-none-eabi/5.4.1/armv7-m\libcr_eabihelpers.a(double.o)
                0x00004296                __aeabi_l2d
 .text.__aeabi_dcmplt
                0x000042ae       0x54 c:/nxp/lpcxpresso_8.2.2_650/lpcxpresso/tools/bin/../lib/gcc/arm-none-eabi/5.4.1/armv7-m\libcr_eabihelpers.a(double.o)
                0x000042ae                __aeabi_dcmplt
 .text.__aeabi_dcmpgt
                0x00004302       0x54 c:/nxp/lpcxpresso_8.2.2_650/lpcxpresso/tools/bin/../lib/gcc/arm-none-eabi/5.4.1/armv7-m\libcr_eabihelpers.a(double.o)
                0x00004302                __aeabi_dcmpgt
 .text.__aeabi_memset_lowlevel
                0x00004356       0x32 c:/nxp/lpcxpresso_8.2.2_650/lpcxpresso/tools/bin/../lib/gcc/arm-none-eabi/5.4.1/armv7-m\libcr_eabihelpers.a(memcpy.o)
                0x00004356                __aeabi_lowlevel_memset
 *(.rodata*)
 .rodata        0x00004388       0x10 Y:/LPCXpresso/Balancer2/Balancer2_firm_TargetAngle/lib\libBalancer2_lib.a(enc.o)
                0x00004388                enctbl
 .rodata        0x00004398       0x3c Y:/LPCXpresso/Balancer2/Balancer2_firm_TargetAngle/lib\libBalancer2_lib.a(pad.o)
 .rodata        0x000043d4       0x14 Y:/LPCXpresso/Balancer2/Balancer2_firm_TargetAngle/lib\libBalancer2_lib.a(usb_user.o)
                0x000043d4                USB_P_EP
 .rodata        0x000043e8       0x98 Y:/LPCXpresso/Balancer2/Balancer2_firm_TargetAngle/lib\libBalancer2_lib.a(usb_descriptors.o)
                0x000043e8                USB_StringDescriptor
                0x00004420                USB_ConfigDescriptor
                0x0000444c                USB_DeviceDescriptor
                0x0000445e                HID_ReportDescSize
                0x00004460                HID_ReportDescriptor

.glue_7         0x00004480        0x0
 .glue_7        0x00004480        0x0 linker stubs

.glue_7t        0x00004480        0x0
 .glue_7t       0x00004480        0x0 linker stubs

.vfp11_veneer   0x00004480        0x0
 .vfp11_veneer  0x00004480        0x0 linker stubs

.v4_bx          0x00004480        0x0
 .v4_bx         0x00004480        0x0 linker stubs

.iplt           0x00004480        0x0
 .iplt          0x00004480        0x0 ./src/control.o

.ARM.extab
 *(.ARM.extab* .gnu.linkonce.armextab.*)
                0x00004480                __exidx_start = .

.ARM.exidx
 *(.ARM.exidx* .gnu.linkonce.armexidx.*)
                0x00004480                __exidx_end = .
                0x00004480                _etext = .

.cmap           0x00007000      0x160
 *(.Const_Map*)
 .Const_Map     0x00007000      0x160 Y:/LPCXpresso/Balancer2/Balancer2_firm_TargetAngle/lib\libBalancer2_lib.a(mot.o)
                0x00007000                Constmemmap

.rel.dyn        0x00007160        0x0
 .rel.iplt      0x00007160        0x0 ./src/control.o

.data           0x10000000       0x18 load address 0x00004480
                0x10000000                _data = .
 *(vtable)
 *(.data*)
 .data          0x10000000        0x8 ./src/control.o
 .data          0x10000008        0x4 Y:/LPCXpresso/Balancer2/Balancer2_firm_TargetAngle/lib\libBalancer2_lib.a(log.o)
                0x10000008                databuffer
 .data          0x1000000c        0x4 Y:/LPCXpresso/Balancer2/Balancer2_firm_TargetAngle/lib\libBalancer2_lib.a(system_LPC13xx.o)
                0x1000000c                SystemCoreClock
 .data          0x10000010        0x1 Y:/LPCXpresso/Balancer2/Balancer2_firm_TargetAngle/lib\libBalancer2_lib.a(uart.o)
                0x10000010                UARTTxEmpty
 *fill*         0x10000011        0x3 
 .data          0x10000014        0x4 Y:/LPCXpresso/Balancer2/Balancer2_firm_TargetAngle/lib\libBalancer2_lib.a(flash.o)
                0x10000014                iap_entry
                0x10000018                _edata = .

.igot.plt       0x10000018        0x0 load address 0x00004498
 .igot.plt      0x10000018        0x0 ./src/control.o

.bss            0x10000018     0x14de load address 0x00004498
                0x10000018                _bss = .
 *(.bss*)
 .bss           0x10000018       0x38 ./src/control.o
 .bss           0x10000050        0x4 ./src/main.o
 .bss           0x10000054        0x4 Y:/LPCXpresso/Balancer2/Balancer2_firm_TargetAngle/lib\libBalancer2_lib.a(adc.o)
                0x10000054                ADCIntDone
 .bss           0x10000058        0x2 Y:/LPCXpresso/Balancer2/Balancer2_firm_TargetAngle/lib\libBalancer2_lib.a(current.o)
                0x10000058                current_cnt
 .bss           0x1000005a        0x4 Y:/LPCXpresso/Balancer2/Balancer2_firm_TargetAngle/lib\libBalancer2_lib.a(enc.o)
                0x1000005a                enc_cnt
 *fill*         0x1000005e        0x2 
 .bss           0x10000060       0x18 Y:/LPCXpresso/Balancer2/Balancer2_firm_TargetAngle/lib\libBalancer2_lib.a(gyro.o)
                0x10000060                i2cgain
                0x10000068                gyro_old_p
                0x10000070                gyro_old_AngureSpd
 .bss           0x10000078       0x14 Y:/LPCXpresso/Balancer2/Balancer2_firm_TargetAngle/lib\libBalancer2_lib.a(i2c.o)
                0x10000078                WrIndex
                0x1000007c                I2CMasterState
                0x10000080                RdIndex
                0x10000084                I2CCount
                0x10000088                I2CSlaveState
 .bss           0x1000008c        0x8 Y:/LPCXpresso/Balancer2/Balancer2_firm_TargetAngle/lib\libBalancer2_lib.a(log.o)
                0x1000008c                logmode
                0x10000090                logtimer
 .bss           0x10000094        0xc Y:/LPCXpresso/Balancer2/Balancer2_firm_TargetAngle/lib\libBalancer2_lib.a(uart.o)
                0x10000094                UARTWriteCount
                0x10000098                UARTReadCount
                0x1000009c                UARTBuffCount
 .bss           0x100000a0        0x2 Y:/LPCXpresso/Balancer2/Balancer2_firm_TargetAngle/lib\libBalancer2_lib.a(vs-bb022.o)
                0x100000a1                EncFlag
 .bss           0x100000a2        0x1 Y:/LPCXpresso/Balancer2/Balancer2_firm_TargetAngle/lib\libBalancer2_lib.a(pad.o)
 *fill*         0x100000a3        0x1 
 .bss           0x100000a4        0x4 Y:/LPCXpresso/Balancer2/Balancer2_firm_TargetAngle/lib\libBalancer2_lib.a(usb_hardware.o)
                0x100000a4                systicktemp
 *(COMMON)
 COMMON         0x100000a8      0x20a Y:/LPCXpresso/Balancer2/Balancer2_firm_TargetAngle/lib\libBalancer2_lib.a(adc.o)
                0x100000a8                USB_InPutData
                0x100000e8                memmap
                0x10000250                ADCValue
                0x10000270                USB_OutPutData
                0x100002b0                bSendUSBdata
                0x100002b1                isUSB_data_sending
 *fill*         0x100002b2        0x6 
 COMMON         0x100002b8       0x90 Y:/LPCXpresso/Balancer2/Balancer2_firm_TargetAngle/lib\libBalancer2_lib.a(current.o)
                0x100002b8                CurrentValue
                0x10000328                current_old_p
                0x10000338                current_i
 COMMON         0x10000348       0x60 Y:/LPCXpresso/Balancer2/Balancer2_firm_TargetAngle/lib\libBalancer2_lib.a(enc.o)
                0x10000348                newL
                0x10000350                newR
                0x10000358                ENCSPDValue
 COMMON         0x100003a8       0x28 Y:/LPCXpresso/Balancer2/Balancer2_firm_TargetAngle/lib\libBalancer2_lib.a(i2c.o)
                0x100003a8                I2CReadLength
                0x100003ac                I2CSlaveBuffer
                0x100003b8                StatValue
                0x100003bc                I2CMode
                0x100003c0                I2CMasterBuffer
                0x100003cc                I2CWriteLength
 COMMON         0x100003d0       0x44 Y:/LPCXpresso/Balancer2/Balancer2_firm_TargetAngle/lib\libBalancer2_lib.a(uart.o)
                0x100003d0                UARTBuffer
                0x10000410                UARTStatus
 *fill*         0x10000414        0x4 
 COMMON         0x10000418       0x40 Y:/LPCXpresso/Balancer2/Balancer2_firm_TargetAngle/lib\libBalancer2_lib.a(vs-bb022.o)
                0x10000418                intteruptflag
                0x10000438                iBuzzerPitch
                0x1000043c                bBuzzerFlag
                0x10000440                SystickModeCnt
                0x10000448                SystickWaitCnt
                0x10000450                SystickSyncCnt
 COMMON         0x10000458     0x1024 Y:/LPCXpresso/Balancer2/Balancer2_firm_TargetAngle/lib\libBalancer2_lib.a(flash.o)
                0x10000458                command
                0x1000046c                srcbuf
                0x1000146c                result
 *fill*         0x1000147c        0x4 
 COMMON         0x10001480       0x72 Y:/LPCXpresso/Balancer2/Balancer2_firm_TargetAngle/lib\libBalancer2_lib.a(usb_core.o)
                0x10001480                USB_AltSetting
                0x10001488                EP0Buf
                0x100014c8                USB_EndPointMask
                0x100014cc                USB_DeviceAddress
                0x100014d0                USB_EndPointStall
                0x100014d4                USB_EndPointHalt
                0x100014d8                USB_Configuration
                0x100014dc                SetupPacket
                0x100014e4                USB_NumInterfaces
                0x100014e8                EP0Data
                0x100014f0                USB_DeviceStatus
 *fill*         0x100014f2        0x2 
 COMMON         0x100014f4        0x2 Y:/LPCXpresso/Balancer2/Balancer2_firm_TargetAngle/lib\libBalancer2_lib.a(usb_hiduser.o)
                0x100014f4                HID_IdleTime
                0x100014f5                HID_Protocol
                0x100014f6                _ebss = .

.cr_heap        0x100014f6        0x0 load address 0x00004498
                0x100014f6                end = .
                0x100014f6                _pvHeapStart = .
                0x10002000                _vRamTop = __top_RamLoc8
                0x10002000                _vStackTop = (_vRamTop - 0x0)
OUTPUT(Balancer2_firm_TargetAngle.axf elf32-littlearm)

.debug_info     0x00000000     0xe19a
 .debug_info    0x00000000      0x6e6 ./src/control.o
 .debug_info    0x000006e6      0x1fa ./src/cr_startup_lpc13.o
 .debug_info    0x000008e0      0x8f0 ./src/main.o
 .debug_info    0x000011d0      0xfda Y:/LPCXpresso/Balancer2/Balancer2_firm_TargetAngle/lib\libBalancer2_lib.a(adc.o)
 .debug_info    0x000021aa      0x76a Y:/LPCXpresso/Balancer2/Balancer2_firm_TargetAngle/lib\libBalancer2_lib.a(current.o)
 .debug_info    0x00002914      0xcd9 Y:/LPCXpresso/Balancer2/Balancer2_firm_TargetAngle/lib\libBalancer2_lib.a(enc.o)
 .debug_info    0x000035ed      0xb5a Y:/LPCXpresso/Balancer2/Balancer2_firm_TargetAngle/lib\libBalancer2_lib.a(gpio.o)
 .debug_info    0x00004147      0x651 Y:/LPCXpresso/Balancer2/Balancer2_firm_TargetAngle/lib\libBalancer2_lib.a(gyro.o)
 .debug_info    0x00004798      0xbe4 Y:/LPCXpresso/Balancer2/Balancer2_firm_TargetAngle/lib\libBalancer2_lib.a(i2c.o)
 .debug_info    0x0000537c      0x69e Y:/LPCXpresso/Balancer2/Balancer2_firm_TargetAngle/lib\libBalancer2_lib.a(log.o)
 .debug_info    0x00005a1a      0x4be Y:/LPCXpresso/Balancer2/Balancer2_firm_TargetAngle/lib\libBalancer2_lib.a(system_LPC13xx.o)
 .debug_info    0x00005ed8     0x11da Y:/LPCXpresso/Balancer2/Balancer2_firm_TargetAngle/lib\libBalancer2_lib.a(uart.o)
 .debug_info    0x000070b2      0x545 Y:/LPCXpresso/Balancer2/Balancer2_firm_TargetAngle/lib\libBalancer2_lib.a(util.o)
 .debug_info    0x000075f7     0x1859 Y:/LPCXpresso/Balancer2/Balancer2_firm_TargetAngle/lib\libBalancer2_lib.a(vs-bb022.o)
 .debug_info    0x00008e50      0x8cb Y:/LPCXpresso/Balancer2/Balancer2_firm_TargetAngle/lib\libBalancer2_lib.a(flash.o)
 .debug_info    0x0000971b      0x4bb Y:/LPCXpresso/Balancer2/Balancer2_firm_TargetAngle/lib\libBalancer2_lib.a(mot.o)
 .debug_info    0x00009bd6      0xb0c Y:/LPCXpresso/Balancer2/Balancer2_firm_TargetAngle/lib\libBalancer2_lib.a(pad.o)
 .debug_info    0x0000a6e2     0x1302 Y:/LPCXpresso/Balancer2/Balancer2_firm_TargetAngle/lib\libBalancer2_lib.a(usb_user.o)
 .debug_info    0x0000b9e4      0xc93 Y:/LPCXpresso/Balancer2/Balancer2_firm_TargetAngle/lib\libBalancer2_lib.a(usb_core.o)
 .debug_info    0x0000c677      0x5bd Y:/LPCXpresso/Balancer2/Balancer2_firm_TargetAngle/lib\libBalancer2_lib.a(usb_descriptors.o)
 .debug_info    0x0000cc34      0xe91 Y:/LPCXpresso/Balancer2/Balancer2_firm_TargetAngle/lib\libBalancer2_lib.a(usb_hardware.o)
 .debug_info    0x0000dac5      0x6d5 Y:/LPCXpresso/Balancer2/Balancer2_firm_TargetAngle/lib\libBalancer2_lib.a(usb_hiduser.o)

.debug_abbrev   0x00000000     0x2d0f
 .debug_abbrev  0x00000000      0x16d ./src/control.o
 .debug_abbrev  0x0000016d      0x10a ./src/cr_startup_lpc13.o
 .debug_abbrev  0x00000277      0x1e2 ./src/main.o
 .debug_abbrev  0x00000459      0x228 Y:/LPCXpresso/Balancer2/Balancer2_firm_TargetAngle/lib\libBalancer2_lib.a(adc.o)
 .debug_abbrev  0x00000681      0x1e1 Y:/LPCXpresso/Balancer2/Balancer2_firm_TargetAngle/lib\libBalancer2_lib.a(current.o)
 .debug_abbrev  0x00000862      0x2e6 Y:/LPCXpresso/Balancer2/Balancer2_firm_TargetAngle/lib\libBalancer2_lib.a(enc.o)
 .debug_abbrev  0x00000b48      0x232 Y:/LPCXpresso/Balancer2/Balancer2_firm_TargetAngle/lib\libBalancer2_lib.a(gpio.o)
 .debug_abbrev  0x00000d7a      0x1a6 Y:/LPCXpresso/Balancer2/Balancer2_firm_TargetAngle/lib\libBalancer2_lib.a(gyro.o)
 .debug_abbrev  0x00000f20      0x1f1 Y:/LPCXpresso/Balancer2/Balancer2_firm_TargetAngle/lib\libBalancer2_lib.a(i2c.o)
 .debug_abbrev  0x00001111      0x1b3 Y:/LPCXpresso/Balancer2/Balancer2_firm_TargetAngle/lib\libBalancer2_lib.a(log.o)
 .debug_abbrev  0x000012c4       0xf8 Y:/LPCXpresso/Balancer2/Balancer2_firm_TargetAngle/lib\libBalancer2_lib.a(system_LPC13xx.o)
 .debug_abbrev  0x000013bc      0x285 Y:/LPCXpresso/Balancer2/Balancer2_firm_TargetAngle/lib\libBalancer2_lib.a(uart.o)
 .debug_abbrev  0x00001641      0x1f5 Y:/LPCXpresso/Balancer2/Balancer2_firm_TargetAngle/lib\libBalancer2_lib.a(util.o)
 .debug_abbrev  0x00001836      0x46c Y:/LPCXpresso/Balancer2/Balancer2_firm_TargetAngle/lib\libBalancer2_lib.a(vs-bb022.o)
 .debug_abbrev  0x00001ca2      0x247 Y:/LPCXpresso/Balancer2/Balancer2_firm_TargetAngle/lib\libBalancer2_lib.a(flash.o)
 .debug_abbrev  0x00001ee9       0xc7 Y:/LPCXpresso/Balancer2/Balancer2_firm_TargetAngle/lib\libBalancer2_lib.a(mot.o)
 .debug_abbrev  0x00001fb0      0x228 Y:/LPCXpresso/Balancer2/Balancer2_firm_TargetAngle/lib\libBalancer2_lib.a(pad.o)
 .debug_abbrev  0x000021d8      0x2f1 Y:/LPCXpresso/Balancer2/Balancer2_firm_TargetAngle/lib\libBalancer2_lib.a(usb_user.o)
 .debug_abbrev  0x000024c9      0x2de Y:/LPCXpresso/Balancer2/Balancer2_firm_TargetAngle/lib\libBalancer2_lib.a(usb_core.o)
 .debug_abbrev  0x000027a7       0xd4 Y:/LPCXpresso/Balancer2/Balancer2_firm_TargetAngle/lib\libBalancer2_lib.a(usb_descriptors.o)
 .debug_abbrev  0x0000287b      0x318 Y:/LPCXpresso/Balancer2/Balancer2_firm_TargetAngle/lib\libBalancer2_lib.a(usb_hardware.o)
 .debug_abbrev  0x00002b93      0x17c Y:/LPCXpresso/Balancer2/Balancer2_firm_TargetAngle/lib\libBalancer2_lib.a(usb_hiduser.o)

.debug_loc      0x00000000     0x326a
 .debug_loc     0x00000000       0xf0 ./src/control.o
 .debug_loc     0x000000f0       0x2b ./src/cr_startup_lpc13.o
 .debug_loc     0x0000011b       0x84 ./src/main.o
 .debug_loc     0x0000019f      0x13c Y:/LPCXpresso/Balancer2/Balancer2_firm_TargetAngle/lib\libBalancer2_lib.a(adc.o)
 .debug_loc     0x000002db      0x17b Y:/LPCXpresso/Balancer2/Balancer2_firm_TargetAngle/lib\libBalancer2_lib.a(current.o)
 .debug_loc     0x00000456      0x11e Y:/LPCXpresso/Balancer2/Balancer2_firm_TargetAngle/lib\libBalancer2_lib.a(enc.o)
 .debug_loc     0x00000574      0xabb Y:/LPCXpresso/Balancer2/Balancer2_firm_TargetAngle/lib\libBalancer2_lib.a(gpio.o)
 .debug_loc     0x0000102f       0x81 Y:/LPCXpresso/Balancer2/Balancer2_firm_TargetAngle/lib\libBalancer2_lib.a(gyro.o)
 .debug_loc     0x000010b0       0x40 Y:/LPCXpresso/Balancer2/Balancer2_firm_TargetAngle/lib\libBalancer2_lib.a(i2c.o)
 .debug_loc     0x000010f0      0x150 Y:/LPCXpresso/Balancer2/Balancer2_firm_TargetAngle/lib\libBalancer2_lib.a(log.o)
 .debug_loc     0x00001240      0x1cd Y:/LPCXpresso/Balancer2/Balancer2_firm_TargetAngle/lib\libBalancer2_lib.a(system_LPC13xx.o)
 .debug_loc     0x0000140d      0x214 Y:/LPCXpresso/Balancer2/Balancer2_firm_TargetAngle/lib\libBalancer2_lib.a(uart.o)
 .debug_loc     0x00001621      0x782 Y:/LPCXpresso/Balancer2/Balancer2_firm_TargetAngle/lib\libBalancer2_lib.a(util.o)
 .debug_loc     0x00001da3      0x255 Y:/LPCXpresso/Balancer2/Balancer2_firm_TargetAngle/lib\libBalancer2_lib.a(vs-bb022.o)
 .debug_loc     0x00001ff8      0x284 Y:/LPCXpresso/Balancer2/Balancer2_firm_TargetAngle/lib\libBalancer2_lib.a(flash.o)
 .debug_loc     0x0000227c      0x1a7 Y:/LPCXpresso/Balancer2/Balancer2_firm_TargetAngle/lib\libBalancer2_lib.a(pad.o)
 .debug_loc     0x00002423      0x293 Y:/LPCXpresso/Balancer2/Balancer2_firm_TargetAngle/lib\libBalancer2_lib.a(usb_user.o)
 .debug_loc     0x000026b6      0x5a3 Y:/LPCXpresso/Balancer2/Balancer2_firm_TargetAngle/lib\libBalancer2_lib.a(usb_core.o)
 .debug_loc     0x00002c59      0x611 Y:/LPCXpresso/Balancer2/Balancer2_firm_TargetAngle/lib\libBalancer2_lib.a(usb_hardware.o)

.debug_aranges  0x00000000      0x730
 .debug_aranges
                0x00000000       0x40 ./src/control.o
 .debug_aranges
                0x00000040       0x70 ./src/cr_startup_lpc13.o
 .debug_aranges
                0x000000b0       0x28 ./src/main.o
 .debug_aranges
                0x000000d8       0x38 Y:/LPCXpresso/Balancer2/Balancer2_firm_TargetAngle/lib\libBalancer2_lib.a(adc.o)
 .debug_aranges
                0x00000110       0x40 Y:/LPCXpresso/Balancer2/Balancer2_firm_TargetAngle/lib\libBalancer2_lib.a(current.o)
 .debug_aranges
                0x00000150       0x40 Y:/LPCXpresso/Balancer2/Balancer2_firm_TargetAngle/lib\libBalancer2_lib.a(enc.o)
 .debug_aranges
                0x00000190       0x68 Y:/LPCXpresso/Balancer2/Balancer2_firm_TargetAngle/lib\libBalancer2_lib.a(gpio.o)
 .debug_aranges
                0x000001f8       0x38 Y:/LPCXpresso/Balancer2/Balancer2_firm_TargetAngle/lib\libBalancer2_lib.a(gyro.o)
 .debug_aranges
                0x00000230       0x40 Y:/LPCXpresso/Balancer2/Balancer2_firm_TargetAngle/lib\libBalancer2_lib.a(i2c.o)
 .debug_aranges
                0x00000270       0x60 Y:/LPCXpresso/Balancer2/Balancer2_firm_TargetAngle/lib\libBalancer2_lib.a(log.o)
 .debug_aranges
                0x000002d0       0x28 Y:/LPCXpresso/Balancer2/Balancer2_firm_TargetAngle/lib\libBalancer2_lib.a(system_LPC13xx.o)
 .debug_aranges
                0x000002f8       0x48 Y:/LPCXpresso/Balancer2/Balancer2_firm_TargetAngle/lib\libBalancer2_lib.a(uart.o)
 .debug_aranges
                0x00000340       0x78 Y:/LPCXpresso/Balancer2/Balancer2_firm_TargetAngle/lib\libBalancer2_lib.a(util.o)
 .debug_aranges
                0x000003b8       0xb0 Y:/LPCXpresso/Balancer2/Balancer2_firm_TargetAngle/lib\libBalancer2_lib.a(vs-bb022.o)
 .debug_aranges
                0x00000468       0x48 Y:/LPCXpresso/Balancer2/Balancer2_firm_TargetAngle/lib\libBalancer2_lib.a(flash.o)
 .debug_aranges
                0x000004b0       0x18 Y:/LPCXpresso/Balancer2/Balancer2_firm_TargetAngle/lib\libBalancer2_lib.a(mot.o)
 .debug_aranges
                0x000004c8       0x48 Y:/LPCXpresso/Balancer2/Balancer2_firm_TargetAngle/lib\libBalancer2_lib.a(pad.o)
 .debug_aranges
                0x00000510       0x50 Y:/LPCXpresso/Balancer2/Balancer2_firm_TargetAngle/lib\libBalancer2_lib.a(usb_user.o)
 .debug_aranges
                0x00000560       0x98 Y:/LPCXpresso/Balancer2/Balancer2_firm_TargetAngle/lib\libBalancer2_lib.a(usb_core.o)
 .debug_aranges
                0x000005f8       0x18 Y:/LPCXpresso/Balancer2/Balancer2_firm_TargetAngle/lib\libBalancer2_lib.a(usb_descriptors.o)
 .debug_aranges
                0x00000610       0xe8 Y:/LPCXpresso/Balancer2/Balancer2_firm_TargetAngle/lib\libBalancer2_lib.a(usb_hardware.o)
 .debug_aranges
                0x000006f8       0x38 Y:/LPCXpresso/Balancer2/Balancer2_firm_TargetAngle/lib\libBalancer2_lib.a(usb_hiduser.o)

.debug_ranges   0x00000000      0x5f0
 .debug_ranges  0x00000000       0x30 ./src/control.o
 .debug_ranges  0x00000030       0x60 ./src/cr_startup_lpc13.o
 .debug_ranges  0x00000090       0x30 ./src/main.o
 .debug_ranges  0x000000c0       0x28 Y:/LPCXpresso/Balancer2/Balancer2_firm_TargetAngle/lib\libBalancer2_lib.a(adc.o)
 .debug_ranges  0x000000e8       0x30 Y:/LPCXpresso/Balancer2/Balancer2_firm_TargetAngle/lib\libBalancer2_lib.a(current.o)
 .debug_ranges  0x00000118       0x30 Y:/LPCXpresso/Balancer2/Balancer2_firm_TargetAngle/lib\libBalancer2_lib.a(enc.o)
 .debug_ranges  0x00000148       0x58 Y:/LPCXpresso/Balancer2/Balancer2_firm_TargetAngle/lib\libBalancer2_lib.a(gpio.o)
 .debug_ranges  0x000001a0       0x28 Y:/LPCXpresso/Balancer2/Balancer2_firm_TargetAngle/lib\libBalancer2_lib.a(gyro.o)
 .debug_ranges  0x000001c8       0x30 Y:/LPCXpresso/Balancer2/Balancer2_firm_TargetAngle/lib\libBalancer2_lib.a(i2c.o)
 .debug_ranges  0x000001f8       0x50 Y:/LPCXpresso/Balancer2/Balancer2_firm_TargetAngle/lib\libBalancer2_lib.a(log.o)
 .debug_ranges  0x00000248       0x18 Y:/LPCXpresso/Balancer2/Balancer2_firm_TargetAngle/lib\libBalancer2_lib.a(system_LPC13xx.o)
 .debug_ranges  0x00000260       0x38 Y:/LPCXpresso/Balancer2/Balancer2_firm_TargetAngle/lib\libBalancer2_lib.a(uart.o)
 .debug_ranges  0x00000298       0x80 Y:/LPCXpresso/Balancer2/Balancer2_firm_TargetAngle/lib\libBalancer2_lib.a(util.o)
 .debug_ranges  0x00000318       0xa0 Y:/LPCXpresso/Balancer2/Balancer2_firm_TargetAngle/lib\libBalancer2_lib.a(vs-bb022.o)
 .debug_ranges  0x000003b8       0x38 Y:/LPCXpresso/Balancer2/Balancer2_firm_TargetAngle/lib\libBalancer2_lib.a(flash.o)
 .debug_ranges  0x000003f0       0x38 Y:/LPCXpresso/Balancer2/Balancer2_firm_TargetAngle/lib\libBalancer2_lib.a(pad.o)
 .debug_ranges  0x00000428       0x40 Y:/LPCXpresso/Balancer2/Balancer2_firm_TargetAngle/lib\libBalancer2_lib.a(usb_user.o)
 .debug_ranges  0x00000468       0x88 Y:/LPCXpresso/Balancer2/Balancer2_firm_TargetAngle/lib\libBalancer2_lib.a(usb_core.o)
 .debug_ranges  0x000004f0       0xd8 Y:/LPCXpresso/Balancer2/Balancer2_firm_TargetAngle/lib\libBalancer2_lib.a(usb_hardware.o)
 .debug_ranges  0x000005c8       0x28 Y:/LPCXpresso/Balancer2/Balancer2_firm_TargetAngle/lib\libBalancer2_lib.a(usb_hiduser.o)

.debug_line     0x00000000     0x2e23
 .debug_line    0x00000000      0x16d ./src/control.o
 .debug_line    0x0000016d      0x142 ./src/cr_startup_lpc13.o
 .debug_line    0x000002af      0x18a ./src/main.o
 .debug_line    0x00000439      0x1e6 Y:/LPCXpresso/Balancer2/Balancer2_firm_TargetAngle/lib\libBalancer2_lib.a(adc.o)
 .debug_line    0x0000061f      0x1e3 Y:/LPCXpresso/Balancer2/Balancer2_firm_TargetAngle/lib\libBalancer2_lib.a(current.o)
 .debug_line    0x00000802      0x21d Y:/LPCXpresso/Balancer2/Balancer2_firm_TargetAngle/lib\libBalancer2_lib.a(enc.o)
 .debug_line    0x00000a1f      0x23c Y:/LPCXpresso/Balancer2/Balancer2_firm_TargetAngle/lib\libBalancer2_lib.a(gpio.o)
 .debug_line    0x00000c5b      0x19f Y:/LPCXpresso/Balancer2/Balancer2_firm_TargetAngle/lib\libBalancer2_lib.a(gyro.o)
 .debug_line    0x00000dfa      0x196 Y:/LPCXpresso/Balancer2/Balancer2_firm_TargetAngle/lib\libBalancer2_lib.a(i2c.o)
 .debug_line    0x00000f90      0x21b Y:/LPCXpresso/Balancer2/Balancer2_firm_TargetAngle/lib\libBalancer2_lib.a(log.o)
 .debug_line    0x000011ab      0x18c Y:/LPCXpresso/Balancer2/Balancer2_firm_TargetAngle/lib\libBalancer2_lib.a(system_LPC13xx.o)
 .debug_line    0x00001337      0x22e Y:/LPCXpresso/Balancer2/Balancer2_firm_TargetAngle/lib\libBalancer2_lib.a(uart.o)
 .debug_line    0x00001565      0x204 Y:/LPCXpresso/Balancer2/Balancer2_firm_TargetAngle/lib\libBalancer2_lib.a(util.o)
 .debug_line    0x00001769      0x416 Y:/LPCXpresso/Balancer2/Balancer2_firm_TargetAngle/lib\libBalancer2_lib.a(vs-bb022.o)
 .debug_line    0x00001b7f      0x195 Y:/LPCXpresso/Balancer2/Balancer2_firm_TargetAngle/lib\libBalancer2_lib.a(flash.o)
 .debug_line    0x00001d14       0x93 Y:/LPCXpresso/Balancer2/Balancer2_firm_TargetAngle/lib\libBalancer2_lib.a(mot.o)
 .debug_line    0x00001da7      0x209 Y:/LPCXpresso/Balancer2/Balancer2_firm_TargetAngle/lib\libBalancer2_lib.a(pad.o)
 .debug_line    0x00001fb0      0x2e8 Y:/LPCXpresso/Balancer2/Balancer2_firm_TargetAngle/lib\libBalancer2_lib.a(usb_user.o)
 .debug_line    0x00002298      0x477 Y:/LPCXpresso/Balancer2/Balancer2_firm_TargetAngle/lib\libBalancer2_lib.a(usb_core.o)
 .debug_line    0x0000270f      0x13c Y:/LPCXpresso/Balancer2/Balancer2_firm_TargetAngle/lib\libBalancer2_lib.a(usb_descriptors.o)
 .debug_line    0x0000284b      0x43e Y:/LPCXpresso/Balancer2/Balancer2_firm_TargetAngle/lib\libBalancer2_lib.a(usb_hardware.o)
 .debug_line    0x00002c89      0x19a Y:/LPCXpresso/Balancer2/Balancer2_firm_TargetAngle/lib\libBalancer2_lib.a(usb_hiduser.o)

.debug_str      0x00000000     0x23b1
 .debug_str     0x00000000      0x5d4 ./src/control.o
                                0x64a (size before relaxing)
 .debug_str     0x000005d4      0x114 ./src/cr_startup_lpc13.o
                                0x288 (size before relaxing)
 .debug_str     0x000006e8      0x138 ./src/main.o
                                0x687 (size before relaxing)
 .debug_str     0x00000820      0x9d0 Y:/LPCXpresso/Balancer2/Balancer2_firm_TargetAngle/lib\libBalancer2_lib.a(adc.o)
                                0xdf1 (size before relaxing)
 .debug_str     0x000011f0       0x83 Y:/LPCXpresso/Balancer2/Balancer2_firm_TargetAngle/lib\libBalancer2_lib.a(current.o)
                                0x622 (size before relaxing)
 .debug_str     0x00001273      0x12e Y:/LPCXpresso/Balancer2/Balancer2_firm_TargetAngle/lib\libBalancer2_lib.a(enc.o)
                                0xad2 (size before relaxing)
 .debug_str     0x000013a1       0xc8 Y:/LPCXpresso/Balancer2/Balancer2_firm_TargetAngle/lib\libBalancer2_lib.a(gpio.o)
                                0x916 (size before relaxing)
 .debug_str     0x00001469       0x99 Y:/LPCXpresso/Balancer2/Balancer2_firm_TargetAngle/lib\libBalancer2_lib.a(gyro.o)
                                0x5ef (size before relaxing)
 .debug_str     0x00001502       0xfb Y:/LPCXpresso/Balancer2/Balancer2_firm_TargetAngle/lib\libBalancer2_lib.a(i2c.o)
                                0xaf1 (size before relaxing)
 .debug_str     0x000015fd       0x9c Y:/LPCXpresso/Balancer2/Balancer2_firm_TargetAngle/lib\libBalancer2_lib.a(log.o)
                                0x5da (size before relaxing)
 .debug_str     0x00001699       0x36 Y:/LPCXpresso/Balancer2/Balancer2_firm_TargetAngle/lib\libBalancer2_lib.a(system_LPC13xx.o)
                                0x495 (size before relaxing)
 .debug_str     0x000016cf      0x121 Y:/LPCXpresso/Balancer2/Balancer2_firm_TargetAngle/lib\libBalancer2_lib.a(uart.o)
                                0xeb2 (size before relaxing)
 .debug_str     0x000017f0       0xe3 Y:/LPCXpresso/Balancer2/Balancer2_firm_TargetAngle/lib\libBalancer2_lib.a(util.o)
                                0x262 (size before relaxing)
 .debug_str     0x000018d3      0x180 Y:/LPCXpresso/Balancer2/Balancer2_firm_TargetAngle/lib\libBalancer2_lib.a(vs-bb022.o)
                               0x10df (size before relaxing)
 .debug_str     0x00001a53       0xb5 Y:/LPCXpresso/Balancer2/Balancer2_firm_TargetAngle/lib\libBalancer2_lib.a(flash.o)
                                0x5dd (size before relaxing)
 .debug_str     0x00001b08        0xd Y:/LPCXpresso/Balancer2/Balancer2_firm_TargetAngle/lib\libBalancer2_lib.a(mot.o)
                                0x504 (size before relaxing)
 .debug_str     0x00001b15      0x147 Y:/LPCXpresso/Balancer2/Balancer2_firm_TargetAngle/lib\libBalancer2_lib.a(pad.o)
                                0x6bf (size before relaxing)
 .debug_str     0x00001c5c       0xd6 Y:/LPCXpresso/Balancer2/Balancer2_firm_TargetAngle/lib\libBalancer2_lib.a(usb_user.o)
                                0xf06 (size before relaxing)
 .debug_str     0x00001d32      0x50c Y:/LPCXpresso/Balancer2/Balancer2_firm_TargetAngle/lib\libBalancer2_lib.a(usb_core.o)
                                0x776 (size before relaxing)
 .debug_str     0x0000223e       0x19 Y:/LPCXpresso/Balancer2/Balancer2_firm_TargetAngle/lib\libBalancer2_lib.a(usb_descriptors.o)
                                0x5b9 (size before relaxing)
 .debug_str     0x00002257      0x12b Y:/LPCXpresso/Balancer2/Balancer2_firm_TargetAngle/lib\libBalancer2_lib.a(usb_hardware.o)
                                0x7b3 (size before relaxing)
 .debug_str     0x00002382       0x2f Y:/LPCXpresso/Balancer2/Balancer2_firm_TargetAngle/lib\libBalancer2_lib.a(usb_hiduser.o)
                                0x640 (size before relaxing)

.comment        0x00000000      0x14c
 .comment       0x00000000       0x6e ./src/control.o
                                 0x6f (size before relaxing)
 .comment       0x0000006e       0x6f ./src/cr_startup_lpc13.o
 .comment       0x0000006e       0x6f ./src/main.o
 .comment       0x0000006e       0x70 Y:/LPCXpresso/Balancer2/Balancer2_firm_TargetAngle/lib\libBalancer2_lib.a(adc.o)
                                 0x71 (size before relaxing)
 .comment       0x000000de       0x71 Y:/LPCXpresso/Balancer2/Balancer2_firm_TargetAngle/lib\libBalancer2_lib.a(current.o)
 .comment       0x000000de       0x71 Y:/LPCXpresso/Balancer2/Balancer2_firm_TargetAngle/lib\libBalancer2_lib.a(enc.o)
 .comment       0x000000de       0x71 Y:/LPCXpresso/Balancer2/Balancer2_firm_TargetAngle/lib\libBalancer2_lib.a(gpio.o)
 .comment       0x000000de       0x71 Y:/LPCXpresso/Balancer2/Balancer2_firm_TargetAngle/lib\libBalancer2_lib.a(gyro.o)
 .comment       0x000000de       0x71 Y:/LPCXpresso/Balancer2/Balancer2_firm_TargetAngle/lib\libBalancer2_lib.a(i2c.o)
 .comment       0x000000de       0x71 Y:/LPCXpresso/Balancer2/Balancer2_firm_TargetAngle/lib\libBalancer2_lib.a(log.o)
 .comment       0x000000de       0x71 Y:/LPCXpresso/Balancer2/Balancer2_firm_TargetAngle/lib\libBalancer2_lib.a(system_LPC13xx.o)
 .comment       0x000000de       0x71 Y:/LPCXpresso/Balancer2/Balancer2_firm_TargetAngle/lib\libBalancer2_lib.a(uart.o)
 .comment       0x000000de       0x71 Y:/LPCXpresso/Balancer2/Balancer2_firm_TargetAngle/lib\libBalancer2_lib.a(util.o)
 .comment       0x000000de       0x71 Y:/LPCXpresso/Balancer2/Balancer2_firm_TargetAngle/lib\libBalancer2_lib.a(vs-bb022.o)
 .comment       0x000000de       0x71 Y:/LPCXpresso/Balancer2/Balancer2_firm_TargetAngle/lib\libBalancer2_lib.a(flash.o)
 .comment       0x000000de       0x71 Y:/LPCXpresso/Balancer2/Balancer2_firm_TargetAngle/lib\libBalancer2_lib.a(mot.o)
 .comment       0x000000de       0x71 Y:/LPCXpresso/Balancer2/Balancer2_firm_TargetAngle/lib\libBalancer2_lib.a(pad.o)
 .comment       0x000000de       0x71 Y:/LPCXpresso/Balancer2/Balancer2_firm_TargetAngle/lib\libBalancer2_lib.a(usb_user.o)
 .comment       0x000000de       0x71 Y:/LPCXpresso/Balancer2/Balancer2_firm_TargetAngle/lib\libBalancer2_lib.a(usb_core.o)
 .comment       0x000000de       0x71 Y:/LPCXpresso/Balancer2/Balancer2_firm_TargetAngle/lib\libBalancer2_lib.a(usb_descriptors.o)
 .comment       0x000000de       0x71 Y:/LPCXpresso/Balancer2/Balancer2_firm_TargetAngle/lib\libBalancer2_lib.a(usb_hardware.o)
 .comment       0x000000de       0x71 Y:/LPCXpresso/Balancer2/Balancer2_firm_TargetAngle/lib\libBalancer2_lib.a(usb_hiduser.o)
 .comment       0x000000de       0x6e c:/nxp/lpcxpresso_8.2.2_650/lpcxpresso/tools/bin/../lib/gcc/arm-none-eabi/5.4.1/../../../../arm-none-eabi/lib/armv7-m\libcr_c.a(memset.o)
                                 0x6f (size before relaxing)
 .comment       0x0000014c       0x6f c:/nxp/lpcxpresso_8.2.2_650/lpcxpresso/tools/bin/../lib/gcc/arm-none-eabi/5.4.1/armv7-m\libcr_eabihelpers.a(double.o)

.ARM.attributes
                0x00000000       0x31
 .ARM.attributes
                0x00000000       0x33 ./src/control.o
 .ARM.attributes
                0x00000033       0x33 ./src/cr_startup_lpc13.o
 .ARM.attributes
                0x00000066       0x33 ./src/main.o
 .ARM.attributes
                0x00000099       0x33 Y:/LPCXpresso/Balancer2/Balancer2_firm_TargetAngle/lib\libBalancer2_lib.a(adc.o)
 .ARM.attributes
                0x000000cc       0x33 Y:/LPCXpresso/Balancer2/Balancer2_firm_TargetAngle/lib\libBalancer2_lib.a(current.o)
 .ARM.attributes
                0x000000ff       0x33 Y:/LPCXpresso/Balancer2/Balancer2_firm_TargetAngle/lib\libBalancer2_lib.a(enc.o)
 .ARM.attributes
                0x00000132       0x33 Y:/LPCXpresso/Balancer2/Balancer2_firm_TargetAngle/lib\libBalancer2_lib.a(gpio.o)
 .ARM.attributes
                0x00000165       0x33 Y:/LPCXpresso/Balancer2/Balancer2_firm_TargetAngle/lib\libBalancer2_lib.a(gyro.o)
 .ARM.attributes
                0x00000198       0x33 Y:/LPCXpresso/Balancer2/Balancer2_firm_TargetAngle/lib\libBalancer2_lib.a(i2c.o)
 .ARM.attributes
                0x000001cb       0x33 Y:/LPCXpresso/Balancer2/Balancer2_firm_TargetAngle/lib\libBalancer2_lib.a(log.o)
 .ARM.attributes
                0x000001fe       0x33 Y:/LPCXpresso/Balancer2/Balancer2_firm_TargetAngle/lib\libBalancer2_lib.a(system_LPC13xx.o)
 .ARM.attributes
                0x00000231       0x33 Y:/LPCXpresso/Balancer2/Balancer2_firm_TargetAngle/lib\libBalancer2_lib.a(uart.o)
 .ARM.attributes
                0x00000264       0x33 Y:/LPCXpresso/Balancer2/Balancer2_firm_TargetAngle/lib\libBalancer2_lib.a(util.o)
 .ARM.attributes
                0x00000297       0x33 Y:/LPCXpresso/Balancer2/Balancer2_firm_TargetAngle/lib\libBalancer2_lib.a(vs-bb022.o)
 .ARM.attributes
                0x000002ca       0x33 Y:/LPCXpresso/Balancer2/Balancer2_firm_TargetAngle/lib\libBalancer2_lib.a(flash.o)
 .ARM.attributes
                0x000002fd       0x33 Y:/LPCXpresso/Balancer2/Balancer2_firm_TargetAngle/lib\libBalancer2_lib.a(mot.o)
 .ARM.attributes
                0x00000330       0x33 Y:/LPCXpresso/Balancer2/Balancer2_firm_TargetAngle/lib\libBalancer2_lib.a(pad.o)
 .ARM.attributes
                0x00000363       0x33 Y:/LPCXpresso/Balancer2/Balancer2_firm_TargetAngle/lib\libBalancer2_lib.a(usb_user.o)
 .ARM.attributes
                0x00000396       0x33 Y:/LPCXpresso/Balancer2/Balancer2_firm_TargetAngle/lib\libBalancer2_lib.a(usb_core.o)
 .ARM.attributes
                0x000003c9       0x33 Y:/LPCXpresso/Balancer2/Balancer2_firm_TargetAngle/lib\libBalancer2_lib.a(usb_descriptors.o)
 .ARM.attributes
                0x000003fc       0x33 Y:/LPCXpresso/Balancer2/Balancer2_firm_TargetAngle/lib\libBalancer2_lib.a(usb_hardware.o)
 .ARM.attributes
                0x0000042f       0x33 Y:/LPCXpresso/Balancer2/Balancer2_firm_TargetAngle/lib\libBalancer2_lib.a(usb_hiduser.o)
 .ARM.attributes
                0x00000462       0x33 c:/nxp/lpcxpresso_8.2.2_650/lpcxpresso/tools/bin/../lib/gcc/arm-none-eabi/5.4.1/../../../../arm-none-eabi/lib/armv7-m\libcr_c.a(memset.o)
 .ARM.attributes
                0x00000495       0x21 c:/nxp/lpcxpresso_8.2.2_650/lpcxpresso/tools/bin/../lib/gcc/arm-none-eabi/5.4.1/armv7-m\libcr_eabihelpers.a(division_64.o)
 .ARM.attributes
                0x000004b6       0x21 c:/nxp/lpcxpresso_8.2.2_650/lpcxpresso/tools/bin/../lib/gcc/arm-none-eabi/5.4.1/armv7-m\libcr_eabihelpers.a(division_idiv0.o)
 .ARM.attributes
                0x000004d7       0x33 c:/nxp/lpcxpresso_8.2.2_650/lpcxpresso/tools/bin/../lib/gcc/arm-none-eabi/5.4.1/armv7-m\libcr_eabihelpers.a(double.o)
 .ARM.attributes
                0x0000050a       0x21 c:/nxp/lpcxpresso_8.2.2_650/lpcxpresso/tools/bin/../lib/gcc/arm-none-eabi/5.4.1/armv7-m\libcr_eabihelpers.a(memcpy.o)

.debug_frame    0x00000000     0x10f4
 .debug_frame   0x00000000       0xc4 ./src/control.o
 .debug_frame   0x000000c4       0xc8 ./src/cr_startup_lpc13.o
 .debug_frame   0x0000018c       0x4c ./src/main.o
 .debug_frame   0x000001d8       0x58 Y:/LPCXpresso/Balancer2/Balancer2_firm_TargetAngle/lib\libBalancer2_lib.a(adc.o)
 .debug_frame   0x00000230       0x94 Y:/LPCXpresso/Balancer2/Balancer2_firm_TargetAngle/lib\libBalancer2_lib.a(current.o)
 .debug_frame   0x000002c4       0x90 Y:/LPCXpresso/Balancer2/Balancer2_firm_TargetAngle/lib\libBalancer2_lib.a(enc.o)
 .debug_frame   0x00000354       0xd4 Y:/LPCXpresso/Balancer2/Balancer2_firm_TargetAngle/lib\libBalancer2_lib.a(gpio.o)
 .debug_frame   0x00000428       0x78 Y:/LPCXpresso/Balancer2/Balancer2_firm_TargetAngle/lib\libBalancer2_lib.a(gyro.o)
 .debug_frame   0x000004a0       0x74 Y:/LPCXpresso/Balancer2/Balancer2_firm_TargetAngle/lib\libBalancer2_lib.a(i2c.o)
 .debug_frame   0x00000514       0xc0 Y:/LPCXpresso/Balancer2/Balancer2_firm_TargetAngle/lib\libBalancer2_lib.a(log.o)
 .debug_frame   0x000005d4       0x30 Y:/LPCXpresso/Balancer2/Balancer2_firm_TargetAngle/lib\libBalancer2_lib.a(system_LPC13xx.o)
 .debug_frame   0x00000604       0x88 Y:/LPCXpresso/Balancer2/Balancer2_firm_TargetAngle/lib\libBalancer2_lib.a(uart.o)
 .debug_frame   0x0000068c      0x144 Y:/LPCXpresso/Balancer2/Balancer2_firm_TargetAngle/lib\libBalancer2_lib.a(util.o)
 .debug_frame   0x000007d0      0x1b4 Y:/LPCXpresso/Balancer2/Balancer2_firm_TargetAngle/lib\libBalancer2_lib.a(vs-bb022.o)
 .debug_frame   0x00000984       0xb0 Y:/LPCXpresso/Balancer2/Balancer2_firm_TargetAngle/lib\libBalancer2_lib.a(flash.o)
 .debug_frame   0x00000a34       0xb0 Y:/LPCXpresso/Balancer2/Balancer2_firm_TargetAngle/lib\libBalancer2_lib.a(pad.o)
 .debug_frame   0x00000ae4       0xb0 Y:/LPCXpresso/Balancer2/Balancer2_firm_TargetAngle/lib\libBalancer2_lib.a(usb_user.o)
 .debug_frame   0x00000b94      0x1d8 Y:/LPCXpresso/Balancer2/Balancer2_firm_TargetAngle/lib\libBalancer2_lib.a(usb_core.o)
 .debug_frame   0x00000d6c      0x318 Y:/LPCXpresso/Balancer2/Balancer2_firm_TargetAngle/lib\libBalancer2_lib.a(usb_hardware.o)
 .debug_frame   0x00001084       0x70 Y:/LPCXpresso/Balancer2/Balancer2_firm_TargetAngle/lib\libBalancer2_lib.a(usb_hiduser.o)
