11:26:08 **** Incremental Build of configuration Debug for project Balancer2_firm_TargetAngle ****
make -r all 
Building file: ../src/control.c
Invoking: MCU C Compiler
arm-none-eabi-gcc -D__USE_CMSIS=Balancer2_lib -DDEBUG -D__CODE_RED -D__REDLIB__ -I"Y:/LPCXpresso/Balancer2/Balancer2_firm_TargetAngle/lib" -I"Y:/LPCXpresso/Balancer2/Balancer2_firm_TargetAngle/inc" -O1 -g -Wall -c -fmessage-length=0 -fno-builtin -ffunction-sections -mcpu=cortex-m3 -mthumb -D__REDLIB__ -specs=redlib.specs -MMD -MP -MF"src/control.d" -MT"src/control.o" -MT"src/control.d" -o"src/control.o" "../src/control.c"
Finished building: ../src/control.c
 
Building target: Balancer2_firm_TargetAngle.axf
Invoking: MCU Linker
arm-none-eabi-gcc -nostdlib -L"Y:/LPCXpresso/Balancer2/Balancer2_firm_TargetAngle/lib" -Xlinker --gc-sections -Xlinker -Map=Balancer2_firm_TargetAngle.map -mcpu=cortex-m3 -mthumb -T "Balancer2_Debug.ld" -o "Balancer2_firm_TargetAngle.axf"  ./src/control.o ./src/cr_startup_lpc13.o ./src/main.o   -lBalancer2_lib
Finished building target: Balancer2_firm_TargetAngle.axf
 
make --no-print-directory post-build
Performing post-build steps
arm-none-eabi-size Balancer2_firm_TargetAngle.axf; arm-none-eabi-size Balancer2_firm_TargetAngle.axf; arm-none-eabi-objcopy -O binary Balancer2_firm_TargetAngle.axf Balancer2_firm_TargetAngle.bin; checksum Balancer2_firm_TargetAngle.bin;
   text	   data	    bss	    dec	    hex	filename
  17888	     24	   5342	  23254	   5ad6	Balancer2_firm_TargetAngle.axf
   text	   data	    bss	    dec	    hex	filename
  17888	     24	   5342	  23254	   5ad6	Balancer2_firm_TargetAngle.axf
 
